Archive member included to satisfy reference by file (symbol)

c:/st/stm32cubeide_1.12.1/stm32cubeide/plugins/com.st.stm32cube.ide.mcu.externaltools.gnu-tools-for-stm32.10.3-2021.10.win32_1.0.200.202301161003/tools/bin/../lib/gcc/arm-none-eabi/10.3.1/../../../../arm-none-eabi/lib/thumb/v6-m/nofp\libc_nano.a(lib_a-errno.o)
                              ./src/bsp/syscalls.o (__errno)
c:/st/stm32cubeide_1.12.1/stm32cubeide/plugins/com.st.stm32cube.ide.mcu.externaltools.gnu-tools-for-stm32.10.3-2021.10.win32_1.0.200.202301161003/tools/bin/../lib/gcc/arm-none-eabi/10.3.1/../../../../arm-none-eabi/lib/thumb/v6-m/nofp\libc_nano.a(lib_a-exit.o)
                              c:/st/stm32cubeide_1.12.1/stm32cubeide/plugins/com.st.stm32cube.ide.mcu.externaltools.gnu-tools-for-stm32.10.3-2021.10.win32_1.0.200.202301161003/tools/bin/../lib/gcc/arm-none-eabi/10.3.1/../../../../arm-none-eabi/lib/thumb/v6-m/nofp/crt0.o (exit)
c:/st/stm32cubeide_1.12.1/stm32cubeide/plugins/com.st.stm32cube.ide.mcu.externaltools.gnu-tools-for-stm32.10.3-2021.10.win32_1.0.200.202301161003/tools/bin/../lib/gcc/arm-none-eabi/10.3.1/../../../../arm-none-eabi/lib/thumb/v6-m/nofp\libc_nano.a(lib_a-impure.o)
                              c:/st/stm32cubeide_1.12.1/stm32cubeide/plugins/com.st.stm32cube.ide.mcu.externaltools.gnu-tools-for-stm32.10.3-2021.10.win32_1.0.200.202301161003/tools/bin/../lib/gcc/arm-none-eabi/10.3.1/../../../../arm-none-eabi/lib/thumb/v6-m/nofp\libc_nano.a(lib_a-exit.o) (_global_impure_ptr)
c:/st/stm32cubeide_1.12.1/stm32cubeide/plugins/com.st.stm32cube.ide.mcu.externaltools.gnu-tools-for-stm32.10.3-2021.10.win32_1.0.200.202301161003/tools/bin/../lib/gcc/arm-none-eabi/10.3.1/../../../../arm-none-eabi/lib/thumb/v6-m/nofp\libc_nano.a(lib_a-init.o)
                              c:/st/stm32cubeide_1.12.1/stm32cubeide/plugins/com.st.stm32cube.ide.mcu.externaltools.gnu-tools-for-stm32.10.3-2021.10.win32_1.0.200.202301161003/tools/bin/../lib/gcc/arm-none-eabi/10.3.1/../../../../arm-none-eabi/lib/thumb/v6-m/nofp/crt0.o (__libc_init_array)
c:/st/stm32cubeide_1.12.1/stm32cubeide/plugins/com.st.stm32cube.ide.mcu.externaltools.gnu-tools-for-stm32.10.3-2021.10.win32_1.0.200.202301161003/tools/bin/../lib/gcc/arm-none-eabi/10.3.1/../../../../arm-none-eabi/lib/thumb/v6-m/nofp\libc_nano.a(lib_a-memset.o)
                              c:/st/stm32cubeide_1.12.1/stm32cubeide/plugins/com.st.stm32cube.ide.mcu.externaltools.gnu-tools-for-stm32.10.3-2021.10.win32_1.0.200.202301161003/tools/bin/../lib/gcc/arm-none-eabi/10.3.1/../../../../arm-none-eabi/lib/thumb/v6-m/nofp/crt0.o (memset)
c:/st/stm32cubeide_1.12.1/stm32cubeide/plugins/com.st.stm32cube.ide.mcu.externaltools.gnu-tools-for-stm32.10.3-2021.10.win32_1.0.200.202301161003/tools/bin/../lib/gcc/arm-none-eabi/10.3.1/../../../../arm-none-eabi/lib/thumb/v6-m/nofp\libc_nano.a(lib_a-vsnprintf.o)
                              ./src/hw/driver/uart.o (vsnprintf)
c:/st/stm32cubeide_1.12.1/stm32cubeide/plugins/com.st.stm32cube.ide.mcu.externaltools.gnu-tools-for-stm32.10.3-2021.10.win32_1.0.200.202301161003/tools/bin/../lib/gcc/arm-none-eabi/10.3.1/../../../../arm-none-eabi/lib/thumb/v6-m/nofp\libc_nano.a(lib_a-nano-svfprintf.o)
                              c:/st/stm32cubeide_1.12.1/stm32cubeide/plugins/com.st.stm32cube.ide.mcu.externaltools.gnu-tools-for-stm32.10.3-2021.10.win32_1.0.200.202301161003/tools/bin/../lib/gcc/arm-none-eabi/10.3.1/../../../../arm-none-eabi/lib/thumb/v6-m/nofp\libc_nano.a(lib_a-vsnprintf.o) (_svfprintf_r)
c:/st/stm32cubeide_1.12.1/stm32cubeide/plugins/com.st.stm32cube.ide.mcu.externaltools.gnu-tools-for-stm32.10.3-2021.10.win32_1.0.200.202301161003/tools/bin/../lib/gcc/arm-none-eabi/10.3.1/../../../../arm-none-eabi/lib/thumb/v6-m/nofp\libc_nano.a(lib_a-nano-vfprintf_i.o)
                              c:/st/stm32cubeide_1.12.1/stm32cubeide/plugins/com.st.stm32cube.ide.mcu.externaltools.gnu-tools-for-stm32.10.3-2021.10.win32_1.0.200.202301161003/tools/bin/../lib/gcc/arm-none-eabi/10.3.1/../../../../arm-none-eabi/lib/thumb/v6-m/nofp\libc_nano.a(lib_a-nano-svfprintf.o) (_printf_i)
c:/st/stm32cubeide_1.12.1/stm32cubeide/plugins/com.st.stm32cube.ide.mcu.externaltools.gnu-tools-for-stm32.10.3-2021.10.win32_1.0.200.202301161003/tools/bin/../lib/gcc/arm-none-eabi/10.3.1/../../../../arm-none-eabi/lib/thumb/v6-m/nofp\libc_nano.a(lib_a-memchr-stub.o)
                              c:/st/stm32cubeide_1.12.1/stm32cubeide/plugins/com.st.stm32cube.ide.mcu.externaltools.gnu-tools-for-stm32.10.3-2021.10.win32_1.0.200.202301161003/tools/bin/../lib/gcc/arm-none-eabi/10.3.1/../../../../arm-none-eabi/lib/thumb/v6-m/nofp\libc_nano.a(lib_a-nano-svfprintf.o) (memchr)
c:/st/stm32cubeide_1.12.1/stm32cubeide/plugins/com.st.stm32cube.ide.mcu.externaltools.gnu-tools-for-stm32.10.3-2021.10.win32_1.0.200.202301161003/tools/bin/../lib/gcc/arm-none-eabi/10.3.1/../../../../arm-none-eabi/lib/thumb/v6-m/nofp\libc_nano.a(lib_a-memcpy-stub.o)
[...]
Memory Configuration

Name             Origin             Length             Attributes
RAM              0x0000000020000000 0x0000000000002000 xrw
FLASH            0x0000000008000000 0x0000000000010000 xr
*default*        0x0000000000000000 0xffffffffffffffff

Linker script and memory map

LOAD c:/st/stm32cubeide_1.12.1/stm32cubeide/plugins/com.st.stm32cube.ide.mcu.externaltools.gnu-tools-for-stm32.10.3-2021.10.win32_1.0.200.202301161003/tools/bin/../lib/gcc/arm-none-eabi/10.3.1/thumb/v6-m/nofp/crti.o
LOAD c:/st/stm32cubeide_1.12.1/stm32cubeide/plugins/com.st.stm32cube.ide.mcu.externaltools.gnu-tools-for-stm32.10.3-2021.10.win32_1.0.200.202301161003/tools/bin/../lib/gcc/arm-none-eabi/10.3.1/thumb/v6-m/nofp/crtbegin.o
LOAD c:/st/stm32cubeide_1.12.1/stm32cubeide/plugins/com.st.stm32cube.ide.mcu.externaltools.gnu-tools-for-stm32.10.3-2021.10.win32_1.0.200.202301161003/tools/bin/../lib/gcc/arm-none-eabi/10.3.1/../../../../arm-none-eabi/lib/thumb/v6-m/nofp/crt0.o
LOAD ./src/ap/ap.o
LOAD ./src/bsp/bsp.o
LOAD ./src/bsp/stm32f0xx_hal_msp.o
LOAD ./src/bsp/stm32f0xx_it.o
LOAD ./src/bsp/syscalls.o
LOAD ./src/bsp/sysmem.o
LOAD ./src/bsp/system_stm32f0xx.o
LOAD ./src/bsp/startup/startup_stm32f051r8tx.o
LOAD ./src/common/core/qbuffer.o
LOAD ./src/hw/driver/button.o
LOAD ./src/hw/driver/led.o
LOAD ./src/hw/driver/uart.o
LOAD ./src/hw/driver/modbusSlave/modbusSlave.o
LOAD ./src/hw/driver/modbusSlave/modbus_crc.o
LOAD ./src/hw/hw.o
LOAD ./src/lib/cube_f051/Drivers/STM32F0xx_HAL_Driver/Src/stm32f0xx_hal.o
LOAD ./src/lib/cube_f051/Drivers/STM32F0xx_HAL_Driver/Src/stm32f0xx_hal_cortex.o
LOAD ./src/lib/cube_f051/Drivers/STM32F0xx_HAL_Driver/Src/stm32f0xx_hal_dma.o
LOAD ./src/lib/cube_f051/Drivers/STM32F0xx_HAL_Driver/Src/stm32f0xx_hal_exti.o
LOAD ./src/lib/cube_f051/Drivers/STM32F0xx_HAL_Driver/Src/stm32f0xx_hal_flash.o
LOAD ./src/lib/cube_f051/Drivers/STM32F0xx_HAL_Driver/Src/stm32f0xx_hal_flash_ex.o
LOAD ./src/lib/cube_f051/Drivers/STM32F0xx_HAL_Driver/Src/stm32f0xx_hal_gpio.o
LOAD ./src/lib/cube_f051/Drivers/STM32F0xx_HAL_Driver/Src/stm32f0xx_hal_i2c.o
LOAD ./src/lib/cube_f051/Drivers/STM32F0xx_HAL_Driver/Src/stm32f0xx_hal_i2c_ex.o
LOAD ./src/lib/cube_f051/Drivers/STM32F0xx_HAL_Driver/Src/stm32f0xx_hal_pwr.o
LOAD ./src/lib/cube_f051/Drivers/STM32F0xx_HAL_Driver/Src/stm32f0xx_hal_pwr_ex.o
LOAD ./src/lib/cube_f051/Drivers/STM32F0xx_HAL_Driver/Src/stm32f0xx_hal_rcc.o
LOAD ./src/lib/cube_f051/Drivers/STM32F0xx_HAL_Driver/Src/stm32f0xx_hal_rcc_ex.o
LOAD ./src/lib/cube_f051/Drivers/STM32F0xx_HAL_Driver/Src/stm32f0xx_hal_tim.o
LOAD ./src/lib/cube_f051/Drivers/STM32F0xx_HAL_Driver/Src/stm32f0xx_hal_tim_ex.o
LOAD ./src/lib/cube_f051/Drivers/STM32F0xx_HAL_Driver/Src/stm32f0xx_hal_uart.o
LOAD ./src/lib/cube_f051/Drivers/STM32F0xx_HAL_Driver/Src/stm32f0xx_hal_uart_ex.o
LOAD ./src/main.o
START GROUP
LOAD c:/st/stm32cubeide_1.12.1/stm32cubeide/plugins/com.st.stm32cube.ide.mcu.externaltools.gnu-tools-for-stm32.10.3-2021.10.win32_1.0.200.202301161003/tools/bin/../lib/gcc/arm-none-eabi/10.3.1/../../../../arm-none-eabi/lib/thumb/v6-m/nofp\libc_nano.a
LOAD c:/st/stm32cubeide_1.12.1/stm32cubeide/plugins/com.st.stm32cube.ide.mcu.externaltools.gnu-tools-for-stm32.10.3-2021.10.win32_1.0.200.202301161003/tools/bin/../lib/gcc/arm-none-eabi/10.3.1/../../../../arm-none-eabi/lib/thumb/v6-m/nofp\libm.a
END GROUP
START GROUP
LOAD c:/st/stm32cubeide_1.12.1/stm32cubeide/plugins/com.st.stm32cube.ide.mcu.externaltools.gnu-tools-for-stm32.10.3-2021.10.win32_1.0.200.202301161003/tools/bin/../lib/gcc/arm-none-eabi/10.3.1/thumb/v6-m/nofp\libgcc.a
LOAD c:/st/stm32cubeide_1.12.1/stm32cubeide/plugins/com.st.stm32cube.ide.mcu.externaltools.gnu-tools-for-stm32.10.3-2021.10.win32_1.0.200.202301161003/tools/bin/../lib/gcc/arm-none-eabi/10.3.1/../../../../arm-none-eabi/lib/thumb/v6-m/nofp\libc_nano.a
END GROUP
START GROUP
LOAD c:/st/stm32cubeide_1.12.1/stm32cubeide/plugins/com.st.stm32cube.ide.mcu.externaltools.gnu-tools-for-stm32.10.3-2021.10.win32_1.0.200.202301161003/tools/bin/../lib/gcc/arm-none-eabi/10.3.1/thumb/v6-m/nofp\libgcc.a
LOAD c:/st/stm32cubeide_1.12.1/stm32cubeide/plugins/com.st.stm32cube.ide.mcu.externaltools.gnu-tools-for-stm32.10.3-2021.10.win32_1.0.200.202301161003/tools/bin/../lib/gcc/arm-none-eabi/10.3.1/../../../../arm-none-eabi/lib/thumb/v6-m/nofp\libc_nano.a
LOAD c:/st/stm32cubeide_1.12.1/stm32cubeide/plugins/com.st.stm32cube.ide.mcu.externaltools.gnu-tools-for-stm32.10.3-2021.10.win32_1.0.200.202301161003/tools/bin/../lib/gcc/arm-none-eabi/10.3.1/../../../../arm-none-eabi/lib/thumb/v6-m/nofp\libnosys.a
END GROUP
START GROUP
LOAD c:/st/stm32cubeide_1.12.1/stm32cubeide/plugins/com.st.stm32cube.ide.mcu.externaltools.gnu-tools-for-stm32.10.3-2021.10.win32_1.0.200.202301161003/tools/bin/../lib/gcc/arm-none-eabi/10.3.1/thumb/v6-m/nofp\libgcc.a
LOAD c:/st/stm32cubeide_1.12.1/stm32cubeide/plugins/com.st.stm32cube.ide.mcu.externaltools.gnu-tools-for-stm32.10.3-2021.10.win32_1.0.200.202301161003/tools/bin/../lib/gcc/arm-none-eabi/10.3.1/../../../../arm-none-eabi/lib/thumb/v6-m/nofp\libc_nano.a
LOAD c:/st/stm32cubeide_1.12.1/stm32cubeide/plugins/com.st.stm32cube.ide.mcu.externaltools.gnu-tools-for-stm32.10.3-2021.10.win32_1.0.200.202301161003/tools/bin/../lib/gcc/arm-none-eabi/10.3.1/../../../../arm-none-eabi/lib/thumb/v6-m/nofp\libnosys.a
END GROUP
LOAD c:/st/stm32cubeide_1.12.1/stm32cubeide/plugins/com.st.stm32cube.ide.mcu.externaltools.gnu-tools-for-stm32.10.3-2021.10.win32_1.0.200.202301161003/tools/bin/../lib/gcc/arm-none-eabi/10.3.1/thumb/v6-m/nofp/crtend.o
LOAD c:/st/stm32cubeide_1.12.1/stm32cubeide/plugins/com.st.stm32cube.ide.mcu.externaltools.gnu-tools-for-stm32.10.3-2021.10.win32_1.0.200.202301161003/tools/bin/../lib/gcc/arm-none-eabi/10.3.1/thumb/v6-m/nofp/crtn.o
                0x0000000020002000                _estack = (ORIGIN (RAM) + LENGTH (RAM))
                0x0000000000000200                _Min_Heap_Size = 0x200
                0x0000000000000400                _Min_Stack_Size = 0x400

.isr_vector     0x0000000008000000       0xc0
                0x0000000008000000                . = ALIGN (0x4)
 *(.isr_vector)
 .isr_vector    0x0000000008000000       0xc0 ./src/bsp/startup/startup_stm32f051r8tx.o
                0x0000000008000000                g_pfnVectors
                0x00000000080000c0                . = ALIGN (0x4)

.text           0x00000000080000c0     0x3c8c
                0x00000000080000c0                . = ALIGN (0x4)
 *(.text)
 .text          0x00000000080000c0       0x48 c:/st/stm32cubeide_1.12.1/stm32cubeide/plugins/com.st.stm32cube.ide.mcu.externaltools.gnu-tools-for-stm32.10.3-2021.10.win32_1.0.200.202301161003/tools/bin/../lib/gcc/arm-none-eabi/10.3.1/thumb/v6-m/nofp/crtbegin.o
 .text          0x0000000008000108       0x14 c:/st/stm32cubeide_1.12.1/stm32cubeide/plugins/com.st.stm32cube.ide.mcu.externaltools.gnu-tools-for-stm32.10.3-2021.10.win32_1.0.200.202301161003/tools/bin/../lib/gcc/arm-none-eabi/10.3.1/thumb/v6-m/nofp\libgcc.a(_thumb1_case_shi.o)
                0x0000000008000108                __gnu_thumb1_case_shi
 .text          0x000000000800011c      0x114 c:/st/stm32cubeide_1.12.1/stm32cubeide/plugins/com.st.stm32cube.ide.mcu.externaltools.gnu-tools-for-stm32.10.3-2021.10.win32_1.0.200.202301161003/tools/bin/../lib/gcc/arm-none-eabi/10.3.1/thumb/v6-m/nofp\libgcc.a(_udivsi3.o)
                0x000000000800011c                __aeabi_uidiv
                0x000000000800011c                __udivsi3
                0x0000000008000228                __aeabi_uidivmod
 .text          0x0000000008000230        0x4 c:/st/stm32cubeide_1.12.1/stm32cubeide/plugins/com.st.stm32cube.ide.mcu.externaltools.gnu-tools-for-stm32.10.3-2021.10.win32_1.0.200.202301161003/tools/bin/../lib/gcc/arm-none-eabi/10.3.1/thumb/v6-m/nofp\libgcc.a(_dvmd_tls.o)
                0x0000000008000230                __aeabi_idiv0
                0x0000000008000230                __aeabi_ldiv0
 *(.text*)
 .text.apInit   0x0000000008000234       0x16 ./src/ap/ap.o
                0x0000000008000234                apInit
 *fill*         0x000000000800024a        0x2 
 .text.apMain   0x000000000800024c       0xa4 ./src/ap/ap.o
                0x000000000800024c                apMain
 .text.Read_Reed_state
                0x00000000080002f0       0x54 ./src/ap/ap.o
                0x00000000080002f0                Read_Reed_state
 .text.bspInit  0x0000000008000344       0x54 ./src/bsp/bsp.o
                0x0000000008000344                bspInit
 .text.millis   0x0000000008000398       0x10 ./src/bsp/bsp.o
                0x0000000008000398                millis
 .text.SystemClock_Config
                0x00000000080003a8       0xbe ./src/bsp/bsp.o
                0x00000000080003a8                SystemClock_Config
 .text.Error_Handler
                0x0000000008000466        0xa ./src/bsp/bsp.o
                0x0000000008000466                Error_Handler
 .text.HAL_MspInit
                0x0000000008000470       0x48 ./src/bsp/stm32f0xx_hal_msp.o
                0x0000000008000470                HAL_MspInit
 .text.NMI_Handler
                0x00000000080004b8        0x6 ./src/bsp/stm32f0xx_it.o
                0x00000000080004b8                NMI_Handler
 .text.HardFault_Handler
                0x00000000080004be        0x6 ./src/bsp/stm32f0xx_it.o
                0x00000000080004be                HardFault_Handler
 .text.SVC_Handler
                0x00000000080004c4        0xa ./src/bsp/stm32f0xx_it.o
                0x00000000080004c4                SVC_Handler
 .text.PendSV_Handler
                0x00000000080004ce        0xa ./src/bsp/stm32f0xx_it.o
                0x00000000080004ce                PendSV_Handler
 .text.SysTick_Handler
                0x00000000080004d8        0xe ./src/bsp/stm32f0xx_it.o
                0x00000000080004d8                SysTick_Handler
 *fill*         0x00000000080004e6        0x2 
 .text.USART1_IRQHandler
                0x00000000080004e8       0x18 ./src/bsp/stm32f0xx_it.o
                0x00000000080004e8                USART1_IRQHandler
 .text._sbrk    0x0000000008000500       0x6c ./src/bsp/sysmem.o
                0x0000000008000500                _sbrk
 .text.SystemInit
                0x000000000800056c        0xa ./src/bsp/system_stm32f0xx.o
                0x000000000800056c                SystemInit
 *fill*         0x0000000008000576        0x2 
 .text.Reset_Handler
                0x0000000008000578       0x50 ./src/bsp/startup/startup_stm32f051r8tx.o
                0x0000000008000578                Reset_Handler
 .text.Default_Handler
                0x00000000080005c8        0x2 ./src/bsp/startup/startup_stm32f051r8tx.o
                0x00000000080005c8                DMA1_CH4_5_6_7_DMA2_CH3_4_5_IRQHandler
                0x00000000080005c8                TIM1_CC_IRQHandler
                0x00000000080005c8                TSC_IRQHandler
                0x00000000080005c8                PVD_IRQHandler
                0x00000000080005c8                I2C1_IRQHandler
                0x00000000080005c8                RCC_CRS_IRQHandler
                0x00000000080005c8                SPI1_IRQHandler
                0x00000000080005c8                TIM6_DAC_IRQHandler
                0x00000000080005c8                EXTI2_3_IRQHandler
                0x00000000080005c8                I2C2_IRQHandler
                0x00000000080005c8                TIM17_IRQHandler
                0x00000000080005c8                CEC_CAN_IRQHandler
                0x00000000080005c8                RTC_IRQHandler
                0x00000000080005c8                TIM16_IRQHandler
                0x00000000080005c8                TIM3_IRQHandler
                0x00000000080005c8                EXTI4_15_IRQHandler
                0x00000000080005c8                Default_Handler
                0x00000000080005c8                DMA1_CH2_3_DMA2_CH1_2_IRQHandler
                0x00000000080005c8                TIM14_IRQHandler
                0x00000000080005c8                TIM7_IRQHandler
                0x00000000080005c8                TIM15_IRQHandler
                0x00000000080005c8                EXTI0_1_IRQHandler
                0x00000000080005c8                USB_IRQHandler
                0x00000000080005c8                SPI2_IRQHandler
                0x00000000080005c8                DMA1_CH1_IRQHandler
                0x00000000080005c8                WWDG_IRQHandler
                0x00000000080005c8                TIM2_IRQHandler
                0x00000000080005c8                ADC_COMP_IRQHandler
                0x00000000080005c8                USART2_IRQHandler
                0x00000000080005c8                USART3_4_5_6_7_8_IRQHandler
                0x00000000080005c8                FLASH_IRQHandler
                0x00000000080005c8                TIM1_BRK_UP_TRG_COM_IRQHandler
 .text.qbufferCreate
                0x00000000080005ca       0x38 ./src/common/core/qbuffer.o
                0x00000000080005ca                qbufferCreate
 .text.qbufferRead
                0x0000000008000602       0x84 ./src/common/core/qbuffer.o
                0x0000000008000602                qbufferRead
 .text.qbufferAvailable
                0x0000000008000686       0x2c ./src/common/core/qbuffer.o
                0x0000000008000686                qbufferAvailable
 *fill*         0x00000000080006b2        0x2 
 .text.buttonInit
                0x00000000080006b4       0x90 ./src/hw/driver/button.o
                0x00000000080006b4                buttonInit
 .text.buttonStateCheck
                0x0000000008000744       0x50 ./src/hw/driver/button.o
                0x0000000008000744                buttonStateCheck
 .text.ledInit  0x0000000008000794       0xa0 ./src/hw/driver/led.o
                0x0000000008000794                ledInit
 .text.ledOff   0x0000000008000834       0x50 ./src/hw/driver/led.o
                0x0000000008000834                ledOff
 .text.ledToggle
                0x0000000008000884       0x40 ./src/hw/driver/led.o
                0x0000000008000884                ledToggle
 .text.uartInit
                0x00000000080008c4       0x30 ./src/hw/driver/uart.o
                0x00000000080008c4                uartInit
 .text.uartOpen
                0x00000000080008f4      0x13c ./src/hw/driver/uart.o
                0x00000000080008f4                uartOpen
 .text.uartAvailable
                0x0000000008000a30       0x60 ./src/hw/driver/uart.o
                0x0000000008000a30                uartAvailable
 .text.uartRead
                0x0000000008000a90       0x3c ./src/hw/driver/uart.o
                0x0000000008000a90                uartRead
 .text.uartWrite
                0x0000000008000acc       0x50 ./src/hw/driver/uart.o
                0x0000000008000acc                uartWrite
 .text.uartPrintf
                0x0000000008000b1c       0x78 ./src/hw/driver/uart.o
                0x0000000008000b1c                uartPrintf
 .text.HAL_UART_ErrorCallback
                0x0000000008000b94       0x10 ./src/hw/driver/uart.o
                0x0000000008000b94                HAL_UART_ErrorCallback
 .text.HAL_UART_RxCpltCallback
                0x0000000008000ba4       0x10 ./src/hw/driver/uart.o
                0x0000000008000ba4                HAL_UART_RxCpltCallback
 .text.HAL_UART_MspInit
                0x0000000008000bb4      0x100 ./src/hw/driver/uart.o
                0x0000000008000bb4                HAL_UART_MspInit
 .text.hwInit   0x0000000008000cb4       0x1a ./src/hw/hw.o
                0x0000000008000cb4                hwInit
 *fill*         0x0000000008000cce        0x2 
 .text.HAL_Init
                0x0000000008000cd0       0x28 ./src/lib/cube_f051/Drivers/STM32F0xx_HAL_Driver/Src/stm32f0xx_hal.o
                0x0000000008000cd0                HAL_Init
 .text.HAL_InitTick
                0x0000000008000cf8       0x68 ./src/lib/cube_f051/Drivers/STM32F0xx_HAL_Driver/Src/stm32f0xx_hal.o
                0x0000000008000cf8                HAL_InitTick
 .text.HAL_IncTick
                0x0000000008000d60       0x24 ./src/lib/cube_f051/Drivers/STM32F0xx_HAL_Driver/Src/stm32f0xx_hal.o
                0x0000000008000d60                HAL_IncTick
 .text.HAL_GetTick
                0x0000000008000d84       0x14 ./src/lib/cube_f051/Drivers/STM32F0xx_HAL_Driver/Src/stm32f0xx_hal.o
                0x0000000008000d84                HAL_GetTick
 .text.__NVIC_EnableIRQ
                0x0000000008000d98       0x34 ./src/lib/cube_f051/Drivers/STM32F0xx_HAL_Driver/Src/stm32f0xx_hal_cortex.o
 .text.__NVIC_SetPriority
                0x0000000008000dcc       0xdc ./src/lib/cube_f051/Drivers/STM32F0xx_HAL_Driver/Src/stm32f0xx_hal_cortex.o
 .text.SysTick_Config
                0x0000000008000ea8       0x48 ./src/lib/cube_f051/Drivers/STM32F0xx_HAL_Driver/Src/stm32f0xx_hal_cortex.o
 .text.HAL_NVIC_SetPriority
                0x0000000008000ef0       0x2a ./src/lib/cube_f051/Drivers/STM32F0xx_HAL_Driver/Src/stm32f0xx_hal_cortex.o
                0x0000000008000ef0                HAL_NVIC_SetPriority
 .text.HAL_NVIC_EnableIRQ
                0x0000000008000f1a       0x20 ./src/lib/cube_f051/Drivers/STM32F0xx_HAL_Driver/Src/stm32f0xx_hal_cortex.o
                0x0000000008000f1a                HAL_NVIC_EnableIRQ
 .text.HAL_SYSTICK_Config
                0x0000000008000f3a       0x1a ./src/lib/cube_f051/Drivers/STM32F0xx_HAL_Driver/Src/stm32f0xx_hal_cortex.o
                0x0000000008000f3a                HAL_SYSTICK_Config
 .text.HAL_DMA_Init
                0x0000000008000f54       0x90 ./src/lib/cube_f051/Drivers/STM32F0xx_HAL_Driver/Src/stm32f0xx_hal_dma.o
                0x0000000008000f54                HAL_DMA_Init
 .text.HAL_DMA_Start_IT
                0x0000000008000fe4       0xcc ./src/lib/cube_f051/Drivers/STM32F0xx_HAL_Driver/Src/stm32f0xx_hal_dma.o
                0x0000000008000fe4                HAL_DMA_Start_IT
 .text.HAL_DMA_Abort
                0x00000000080010b0       0x70 ./src/lib/cube_f051/Drivers/STM32F0xx_HAL_Driver/Src/stm32f0xx_hal_dma.o
                0x00000000080010b0                HAL_DMA_Abort
 .text.HAL_DMA_Abort_IT
                0x0000000008001120       0x8a ./src/lib/cube_f051/Drivers/STM32F0xx_HAL_Driver/Src/stm32f0xx_hal_dma.o
                0x0000000008001120                HAL_DMA_Abort_IT
 .text.DMA_SetConfig
                0x00000000080011aa       0x58 ./src/lib/cube_f051/Drivers/STM32F0xx_HAL_Driver/Src/stm32f0xx_hal_dma.o
 *fill*         0x0000000008001202        0x2 
 .text.DMA_CalcBaseAndBitshift
                0x0000000008001204       0x38 ./src/lib/cube_f051/Drivers/STM32F0xx_HAL_Driver/Src/stm32f0xx_hal_dma.o
 .text.HAL_GPIO_Init
                0x000000000800123c      0x2e0 ./src/lib/cube_f051/Drivers/STM32F0xx_HAL_Driver/Src/stm32f0xx_hal_gpio.o
                0x000000000800123c                HAL_GPIO_Init
 .text.HAL_GPIO_ReadPin
                0x000000000800151c       0x3a ./src/lib/cube_f051/Drivers/STM32F0xx_HAL_Driver/Src/stm32f0xx_hal_gpio.o
                0x000000000800151c                HAL_GPIO_ReadPin
 .text.HAL_GPIO_WritePin
                0x0000000008001556       0x3a ./src/lib/cube_f051/Drivers/STM32F0xx_HAL_Driver/Src/stm32f0xx_hal_gpio.o
                0x0000000008001556                HAL_GPIO_WritePin
 .text.HAL_GPIO_TogglePin
                0x0000000008001590       0x36 ./src/lib/cube_f051/Drivers/STM32F0xx_HAL_Driver/Src/stm32f0xx_hal_gpio.o
                0x0000000008001590                HAL_GPIO_TogglePin
 *fill*         0x00000000080015c6        0x2 
 .text.HAL_RCC_OscConfig
                0x00000000080015c8      0x634 ./src/lib/cube_f051/Drivers/STM32F0xx_HAL_Driver/Src/stm32f0xx_hal_rcc.o
                0x00000000080015c8                HAL_RCC_OscConfig
 .text.HAL_RCC_ClockConfig
                0x0000000008001bfc      0x19c ./src/lib/cube_f051/Drivers/STM32F0xx_HAL_Driver/Src/stm32f0xx_hal_rcc.o
                0x0000000008001bfc                HAL_RCC_ClockConfig
 .text.HAL_RCC_GetSysClockFreq
                0x0000000008001d98       0xac ./src/lib/cube_f051/Drivers/STM32F0xx_HAL_Driver/Src/stm32f0xx_hal_rcc.o
                0x0000000008001d98                HAL_RCC_GetSysClockFreq
 .text.HAL_RCC_GetHCLKFreq
                0x0000000008001e44       0x14 ./src/lib/cube_f051/Drivers/STM32F0xx_HAL_Driver/Src/stm32f0xx_hal_rcc.o
                0x0000000008001e44                HAL_RCC_GetHCLKFreq
 .text.HAL_RCC_GetPCLK1Freq
                0x0000000008001e58       0x2c ./src/lib/cube_f051/Drivers/STM32F0xx_HAL_Driver/Src/stm32f0xx_hal_rcc.o
                0x0000000008001e58                HAL_RCC_GetPCLK1Freq
 .text.HAL_RCCEx_PeriphCLKConfig
                0x0000000008001e84      0x1bc ./src/lib/cube_f051/Drivers/STM32F0xx_HAL_Driver/Src/stm32f0xx_hal_rcc_ex.o
                0x0000000008001e84                HAL_RCCEx_PeriphCLKConfig
 .text.HAL_UART_Init
                0x0000000008002040       0xa8 ./src/lib/cube_f051/Drivers/STM32F0xx_HAL_Driver/Src/stm32f0xx_hal_uart.o
                0x0000000008002040                HAL_UART_Init
 .text.HAL_UART_Transmit
                0x00000000080020e8      0x140 ./src/lib/cube_f051/Drivers/STM32F0xx_HAL_Driver/Src/stm32f0xx_hal_uart.o
                0x00000000080020e8                HAL_UART_Transmit
 .text.HAL_UART_Receive_DMA
                0x0000000008002228       0xae ./src/lib/cube_f051/Drivers/STM32F0xx_HAL_Driver/Src/stm32f0xx_hal_uart.o
                0x0000000008002228                HAL_UART_Receive_DMA
 *fill*         0x00000000080022d6        0x2 
 .text.HAL_UART_IRQHandler
                0x00000000080022d8      0x5c0 ./src/lib/cube_f051/Drivers/STM32F0xx_HAL_Driver/Src/stm32f0xx_hal_uart.o
                0x00000000080022d8                HAL_UART_IRQHandler
 .text.HAL_UART_TxCpltCallback
                0x0000000008002898       0x10 ./src/lib/cube_f051/Drivers/STM32F0xx_HAL_Driver/Src/stm32f0xx_hal_uart.o
                0x0000000008002898                HAL_UART_TxCpltCallback
 .text.HAL_UART_RxHalfCpltCallback
                0x00000000080028a8       0x10 ./src/lib/cube_f051/Drivers/STM32F0xx_HAL_Driver/Src/stm32f0xx_hal_uart.o
                0x00000000080028a8                HAL_UART_RxHalfCpltCallback
 .text.HAL_UARTEx_RxEventCallback
                0x00000000080028b8       0x16 ./src/lib/cube_f051/Drivers/STM32F0xx_HAL_Driver/Src/stm32f0xx_hal_uart.o
                0x00000000080028b8                HAL_UARTEx_RxEventCallback
 *fill*         0x00000000080028ce        0x2 
 .text.UART_SetConfig
                0x00000000080028d0      0x280 ./src/lib/cube_f051/Drivers/STM32F0xx_HAL_Driver/Src/stm32f0xx_hal_uart.o
                0x00000000080028d0                UART_SetConfig
 .text.UART_AdvFeatureConfig
                0x0000000008002b50      0x168 ./src/lib/cube_f051/Drivers/STM32F0xx_HAL_Driver/Src/stm32f0xx_hal_uart.o
                0x0000000008002b50                UART_AdvFeatureConfig
 .text.UART_CheckIdleState
                0x0000000008002cb8      0x150 ./src/lib/cube_f051/Drivers/STM32F0xx_HAL_Driver/Src/stm32f0xx_hal_uart.o
                0x0000000008002cb8                UART_CheckIdleState
 .text.UART_WaitOnFlagUntilTimeout
                0x0000000008002e08       0xd2 ./src/lib/cube_f051/Drivers/STM32F0xx_HAL_Driver/Src/stm32f0xx_hal_uart.o
                0x0000000008002e08                UART_WaitOnFlagUntilTimeout
 *fill*         0x0000000008002eda        0x2 
 .text.UART_Start_Receive_DMA
                0x0000000008002edc      0x140 ./src/lib/cube_f051/Drivers/STM32F0xx_HAL_Driver/Src/stm32f0xx_hal_uart.o
                0x0000000008002edc                UART_Start_Receive_DMA
 .text.UART_EndTxTransfer
                0x000000000800301c       0x48 ./src/lib/cube_f051/Drivers/STM32F0xx_HAL_Driver/Src/stm32f0xx_hal_uart.o
 .text.UART_EndRxTransfer
                0x0000000008003064       0xc8 ./src/lib/cube_f051/Drivers/STM32F0xx_HAL_Driver/Src/stm32f0xx_hal_uart.o
 .text.UART_DMAReceiveCplt
                0x000000000800312c      0x12c ./src/lib/cube_f051/Drivers/STM32F0xx_HAL_Driver/Src/stm32f0xx_hal_uart.o
 .text.UART_DMARxHalfCplt
                0x0000000008003258       0x42 ./src/lib/cube_f051/Drivers/STM32F0xx_HAL_Driver/Src/stm32f0xx_hal_uart.o
 .text.UART_DMAError
                0x000000000800329a       0x84 ./src/lib/cube_f051/Drivers/STM32F0xx_HAL_Driver/Src/stm32f0xx_hal_uart.o
 .text.UART_DMAAbortOnError
                0x000000000800331e       0x2e ./src/lib/cube_f051/Drivers/STM32F0xx_HAL_Driver/Src/stm32f0xx_hal_uart.o
 .text.UART_EndTransmit_IT
                0x000000000800334c       0x56 ./src/lib/cube_f051/Drivers/STM32F0xx_HAL_Driver/Src/stm32f0xx_hal_uart.o
 .text.HAL_UARTEx_WakeupCallback
                0x00000000080033a2       0x10 ./src/lib/cube_f051/Drivers/STM32F0xx_HAL_Driver/Src/stm32f0xx_hal_uart_ex.o
                0x00000000080033a2                HAL_UARTEx_WakeupCallback
 .text.main     0x00000000080033b2       0x18 ./src/main.o
                0x00000000080033b2                main
 *fill*         0x00000000080033ca        0x2 
 .text.__errno  0x00000000080033cc        0xc c:/st/stm32cubeide_1.12.1/stm32cubeide/plugins/com.st.stm32cube.ide.mcu.externaltools.gnu-tools-for-stm32.10.3-2021.10.win32_1.0.200.202301161003/tools/bin/../lib/gcc/arm-none-eabi/10.3.1/../../../../arm-none-eabi/lib/thumb/v6-m/nofp\libc_nano.a(lib_a-errno.o)
                0x00000000080033cc                __errno
 .text.__libc_init_array
                0x00000000080033d8       0x48 c:/st/stm32cubeide_1.12.1/stm32cubeide/plugins/com.st.stm32cube.ide.mcu.externaltools.gnu-tools-for-stm32.10.3-2021.10.win32_1.0.200.202301161003/tools/bin/../lib/gcc/arm-none-eabi/10.3.1/../../../../arm-none-eabi/lib/thumb/v6-m/nofp\libc_nano.a(lib_a-init.o)
                0x00000000080033d8                __libc_init_array
 .text.memset   0x0000000008003420       0x10 c:/st/stm32cubeide_1.12.1/stm32cubeide/plugins/com.st.stm32cube.ide.mcu.externaltools.gnu-tools-for-stm32.10.3-2021.10.win32_1.0.200.202301161003/tools/bin/../lib/gcc/arm-none-eabi/10.3.1/../../../../arm-none-eabi/lib/thumb/v6-m/nofp\libc_nano.a(lib_a-memset.o)
                0x0000000008003420                memset
 .text._vsnprintf_r
                0x0000000008003430       0x56 c:/st/stm32cubeide_1.12.1/stm32cubeide/plugins/com.st.stm32cube.ide.mcu.externaltools.gnu-tools-for-stm32.10.3-2021.10.win32_1.0.200.202301161003/tools/bin/../lib/gcc/arm-none-eabi/10.3.1/../../../../arm-none-eabi/lib/thumb/v6-m/nofp\libc_nano.a(lib_a-vsnprintf.o)
                0x0000000008003430                _vsniprintf_r
                0x0000000008003430                _vsnprintf_r
 *fill*         0x0000000008003486        0x2 
 .text.vsnprintf
                0x0000000008003488       0x18 c:/st/stm32cubeide_1.12.1/stm32cubeide/plugins/com.st.stm32cube.ide.mcu.externaltools.gnu-tools-for-stm32.10.3-2021.10.win32_1.0.200.202301161003/tools/bin/../lib/gcc/arm-none-eabi/10.3.1/../../../../arm-none-eabi/lib/thumb/v6-m/nofp\libc_nano.a(lib_a-vsnprintf.o)
                0x0000000008003488                vsniprintf
                0x0000000008003488                vsnprintf
 .text.__ssputs_r
                0x00000000080034a0       0xc4 c:/st/stm32cubeide_1.12.1/stm32cubeide/plugins/com.st.stm32cube.ide.mcu.externaltools.gnu-tools-for-stm32.10.3-2021.10.win32_1.0.200.202301161003/tools/bin/../lib/gcc/arm-none-eabi/10.3.1/../../../../arm-none-eabi/lib/thumb/v6-m/nofp\libc_nano.a(lib_a-nano-svfprintf.o)
                0x00000000080034a0                __ssputs_r
 .text._svfprintf_r
                0x0000000008003564      0x200 c:/st/stm32cubeide_1.12.1/stm32cubeide/plugins/com.st.stm32cube.ide.mcu.externaltools.gnu-tools-for-stm32.10.3-2021.10.win32_1.0.200.202301161003/tools/bin/../lib/gcc/arm-none-eabi/10.3.1/../../../../arm-none-eabi/lib/thumb/v6-m/nofp\libc_nano.a(lib_a-nano-svfprintf.o)
                0x0000000008003564                _svfiprintf_r
                0x0000000008003564                _svfprintf_r
 .text._printf_common
                0x0000000008003764       0xde c:/st/stm32cubeide_1.12.1/stm32cubeide/plugins/com.st.stm32cube.ide.mcu.externaltools.gnu-tools-for-stm32.10.3-2021.10.win32_1.0.200.202301161003/tools/bin/../lib/gcc/arm-none-eabi/10.3.1/../../../../arm-none-eabi/lib/thumb/v6-m/nofp\libc_nano.a(lib_a-nano-vfprintf_i.o)
                0x0000000008003764                _printf_common
 *fill*         0x0000000008003842        0x2 
 .text._printf_i
                0x0000000008003844      0x224 c:/st/stm32cubeide_1.12.1/stm32cubeide/plugins/com.st.stm32cube.ide.mcu.externaltools.gnu-tools-for-stm32.10.3-2021.10.win32_1.0.200.202301161003/tools/bin/../lib/gcc/arm-none-eabi/10.3.1/../../../../arm-none-eabi/lib/thumb/v6-m/nofp\libc_nano.a(lib_a-nano-vfprintf_i.o)
                0x0000000008003844                _printf_i
 .text.memchr   0x0000000008003a68       0x16 c:/st/stm32cubeide_1.12.1/stm32cubeide/plugins/com.st.stm32cube.ide.mcu.externaltools.gnu-tools-for-stm32.10.3-2021.10.win32_1.0.200.202301161003/tools/bin/../lib/gcc/arm-none-eabi/10.3.1/../../../../arm-none-eabi/lib/thumb/v6-m/nofp\libc_nano.a(lib_a-memchr-stub.o)
                0x0000000008003a68                memchr
 .text.memcpy   0x0000000008003a7e       0x12 c:/st/stm32cubeide_1.12.1/stm32cubeide/plugins/com.st.stm32cube.ide.mcu.externaltools.gnu-tools-for-stm32.10.3-2021.10.win32_1.0.200.202301161003/tools/bin/../lib/gcc/arm-none-eabi/10.3.1/../../../../arm-none-eabi/lib/thumb/v6-m/nofp\libc_nano.a(lib_a-memcpy-stub.o)
                0x0000000008003a7e                memcpy
 .text.memmove  0x0000000008003a90       0x26 c:/st/stm32cubeide_1.12.1/stm32cubeide/plugins/com.st.stm32cube.ide.mcu.externaltools.gnu-tools-for-stm32.10.3-2021.10.win32_1.0.200.202301161003/tools/bin/../lib/gcc/arm-none-eabi/10.3.1/../../../../arm-none-eabi/lib/thumb/v6-m/nofp\libc_nano.a(lib_a-memmove.o)
                0x0000000008003a90                memmove
 *fill*         0x0000000008003ab6        0x2 
 .text._free_r  0x0000000008003ab8       0x94 c:/st/stm32cubeide_1.12.1/stm32cubeide/plugins/com.st.stm32cube.ide.mcu.externaltools.gnu-tools-for-stm32.10.3-2021.10.win32_1.0.200.202301161003/tools/bin/../lib/gcc/arm-none-eabi/10.3.1/../../../../arm-none-eabi/lib/thumb/v6-m/nofp\libc_nano.a(lib_a-nano-freer.o)
                0x0000000008003ab8                _free_r
 .text.sbrk_aligned
                0x0000000008003b4c       0x44 c:/st/stm32cubeide_1.12.1/stm32cubeide/plugins/com.st.stm32cube.ide.mcu.externaltools.gnu-tools-for-stm32.10.3-2021.10.win32_1.0.200.202301161003/tools/bin/../lib/gcc/arm-none-eabi/10.3.1/../../../../arm-none-eabi/lib/thumb/v6-m/nofp\libc_nano.a(lib_a-nano-mallocr.o)
 .text._malloc_r
                0x0000000008003b90       0xec c:/st/stm32cubeide_1.12.1/stm32cubeide/plugins/com.st.stm32cube.ide.mcu.externaltools.gnu-tools-for-stm32.10.3-2021.10.win32_1.0.200.202301161003/tools/bin/../lib/gcc/arm-none-eabi/10.3.1/../../../../arm-none-eabi/lib/thumb/v6-m/nofp\libc_nano.a(lib_a-nano-mallocr.o)
                0x0000000008003b90                _malloc_r
 .text._realloc_r
                0x0000000008003c7c       0x5e c:/st/stm32cubeide_1.12.1/stm32cubeide/plugins/com.st.stm32cube.ide.mcu.externaltools.gnu-tools-for-stm32.10.3-2021.10.win32_1.0.200.202301161003/tools/bin/../lib/gcc/arm-none-eabi/10.3.1/../../../../arm-none-eabi/lib/thumb/v6-m/nofp\libc_nano.a(lib_a-nano-reallocr.o)
                0x0000000008003c7c                _realloc_r
 *fill*         0x0000000008003cda        0x2 
 .text._sbrk_r  0x0000000008003cdc       0x24 c:/st/stm32cubeide_1.12.1/stm32cubeide/plugins/com.st.stm32cube.ide.mcu.externaltools.gnu-tools-for-stm32.10.3-2021.10.win32_1.0.200.202301161003/tools/bin/../lib/gcc/arm-none-eabi/10.3.1/../../../../arm-none-eabi/lib/thumb/v6-m/nofp\libc_nano.a(lib_a-sbrkr.o)
                0x0000000008003cdc                _sbrk_r
 .text.__malloc_lock
                0x0000000008003d00       0x10 c:/st/stm32cubeide_1.12.1/stm32cubeide/plugins/com.st.stm32cube.ide.mcu.externaltools.gnu-tools-for-stm32.10.3-2021.10.win32_1.0.200.202301161003/tools/bin/../lib/gcc/arm-none-eabi/10.3.1/../../../../arm-none-eabi/lib/thumb/v6-m/nofp\libc_nano.a(lib_a-mlock.o)
                0x0000000008003d00                __malloc_lock
 .text.__malloc_unlock
                0x0000000008003d10       0x10 c:/st/stm32cubeide_1.12.1/stm32cubeide/plugins/com.st.stm32cube.ide.mcu.externaltools.gnu-tools-for-stm32.10.3-2021.10.win32_1.0.200.202301161003/tools/bin/../lib/gcc/arm-none-eabi/10.3.1/../../../../arm-none-eabi/lib/thumb/v6-m/nofp\libc_nano.a(lib_a-mlock.o)
                0x0000000008003d10                __malloc_unlock
 .text._malloc_usable_size_r
                0x0000000008003d20       0x10 c:/st/stm32cubeide_1.12.1/stm32cubeide/plugins/com.st.stm32cube.ide.mcu.externaltools.gnu-tools-for-stm32.10.3-2021.10.win32_1.0.200.202301161003/tools/bin/../lib/gcc/arm-none-eabi/10.3.1/../../../../arm-none-eabi/lib/thumb/v6-m/nofp\libc_nano.a(lib_a-nano-msizer.o)
                0x0000000008003d20                _malloc_usable_size_r
 .text.__retarget_lock_acquire_recursive
                0x0000000008003d30        0x2 c:/st/stm32cubeide_1.12.1/stm32cubeide/plugins/com.st.stm32cube.ide.mcu.externaltools.gnu-tools-for-stm32.10.3-2021.10.win32_1.0.200.202301161003/tools/bin/../lib/gcc/arm-none-eabi/10.3.1/../../../../arm-none-eabi/lib/thumb/v6-m/nofp\libc_nano.a(lib_a-lock.o)
                0x0000000008003d30                __retarget_lock_acquire_recursive
 .text.__retarget_lock_release_recursive
                0x0000000008003d32        0x2 c:/st/stm32cubeide_1.12.1/stm32cubeide/plugins/com.st.stm32cube.ide.mcu.externaltools.gnu-tools-for-stm32.10.3-2021.10.win32_1.0.200.202301161003/tools/bin/../lib/gcc/arm-none-eabi/10.3.1/../../../../arm-none-eabi/lib/thumb/v6-m/nofp\libc_nano.a(lib_a-lock.o)
                0x0000000008003d32                __retarget_lock_release_recursive
 *(.glue_7)
 .glue_7        0x0000000008003d34        0x0 linker stubs
 *(.glue_7t)
 .glue_7t       0x0000000008003d34        0x0 linker stubs
 *(.eh_frame)
 .eh_frame      0x0000000008003d34        0x0 c:/st/stm32cubeide_1.12.1/stm32cubeide/plugins/com.st.stm32cube.ide.mcu.externaltools.gnu-tools-for-stm32.10.3-2021.10.win32_1.0.200.202301161003/tools/bin/../lib/gcc/arm-none-eabi/10.3.1/thumb/v6-m/nofp/crtbegin.o
 *(.init)
 .init          0x0000000008003d34        0x4 c:/st/stm32cubeide_1.12.1/stm32cubeide/plugins/com.st.stm32cube.ide.mcu.externaltools.gnu-tools-for-stm32.10.3-2021.10.win32_1.0.200.202301161003/tools/bin/../lib/gcc/arm-none-eabi/10.3.1/thumb/v6-m/nofp/crti.o
                0x0000000008003d34                _init
 .init          0x0000000008003d38        0x8 c:/st/stm32cubeide_1.12.1/stm32cubeide/plugins/com.st.stm32cube.ide.mcu.externaltools.gnu-tools-for-stm32.10.3-2021.10.win32_1.0.200.202301161003/tools/bin/../lib/gcc/arm-none-eabi/10.3.1/thumb/v6-m/nofp/crtn.o
 *(.fini)
 .fini          0x0000000008003d40        0x4 c:/st/stm32cubeide_1.12.1/stm32cubeide/plugins/com.st.stm32cube.ide.mcu.externaltools.gnu-tools-for-stm32.10.3-2021.10.win32_1.0.200.202301161003/tools/bin/../lib/gcc/arm-none-eabi/10.3.1/thumb/v6-m/nofp/crti.o
                0x0000000008003d40                _fini
 .fini          0x0000000008003d44        0x8 c:/st/stm32cubeide_1.12.1/stm32cubeide/plugins/com.st.stm32cube.ide.mcu.externaltools.gnu-tools-for-stm32.10.3-2021.10.win32_1.0.200.202301161003/tools/bin/../lib/gcc/arm-none-eabi/10.3.1/thumb/v6-m/nofp/crtn.o
                0x0000000008003d4c                . = ALIGN (0x4)
                0x0000000008003d4c                _etext = .

.vfp11_veneer   0x0000000008003d4c        0x0
 .vfp11_veneer  0x0000000008003d4c        0x0 linker stubs

.v4_bx          0x0000000008003d4c        0x0
 .v4_bx         0x0000000008003d4c        0x0 linker stubs

.iplt           0x0000000008003d4c        0x0
 .iplt          0x0000000008003d4c        0x0 c:/st/stm32cubeide_1.12.1/stm32cubeide/plugins/com.st.stm32cube.ide.mcu.externaltools.gnu-tools-for-stm32.10.3-2021.10.win32_1.0.200.202301161003/tools/bin/../lib/gcc/arm-none-eabi/10.3.1/thumb/v6-m/nofp/crtbegin.o

.rodata         0x0000000008003d4c       0xa4
                0x0000000008003d4c                . = ALIGN (0x4)
 *(.rodata)
 .rodata        0x0000000008003d4c       0x38 ./src/ap/ap.o
 *(.rodata*)
 .rodata.AHBPrescTable
                0x0000000008003d84       0x10 ./src/bsp/system_stm32f0xx.o
                0x0000000008003d84                AHBPrescTable
 .rodata.APBPrescTable
                0x0000000008003d94        0x8 ./src/bsp/system_stm32f0xx.o
                0x0000000008003d94                APBPrescTable
 .rodata.aPLLMULFactorTable.1
                0x0000000008003d9c       0x10 ./src/lib/cube_f051/Drivers/STM32F0xx_HAL_Driver/Src/stm32f0xx_hal_rcc.o
 .rodata.aPredivFactorTable.0
                0x0000000008003dac       0x10 ./src/lib/cube_f051/Drivers/STM32F0xx_HAL_Driver/Src/stm32f0xx_hal_rcc.o
 .rodata._svfprintf_r.str1.1
                0x0000000008003dbc       0x11 c:/st/stm32cubeide_1.12.1/stm32cubeide/plugins/com.st.stm32cube.ide.mcu.externaltools.gnu-tools-for-stm32.10.3-2021.10.win32_1.0.200.202301161003/tools/bin/../lib/gcc/arm-none-eabi/10.3.1/../../../../arm-none-eabi/lib/thumb/v6-m/nofp\libc_nano.a(lib_a-nano-svfprintf.o)
 .rodata._printf_i.str1.1
                0x0000000008003dcd       0x22 c:/st/stm32cubeide_1.12.1/stm32cubeide/plugins/com.st.stm32cube.ide.mcu.externaltools.gnu-tools-for-stm32.10.3-2021.10.win32_1.0.200.202301161003/tools/bin/../lib/gcc/arm-none-eabi/10.3.1/../../../../arm-none-eabi/lib/thumb/v6-m/nofp\libc_nano.a(lib_a-nano-vfprintf_i.o)
                0x0000000008003df0                . = ALIGN (0x4)
 *fill*         0x0000000008003def        0x1 

.rel.dyn        0x0000000008003df0        0x0
 .rel.iplt      0x0000000008003df0        0x0 c:/st/stm32cubeide_1.12.1/stm32cubeide/plugins/com.st.stm32cube.ide.mcu.externaltools.gnu-tools-for-stm32.10.3-2021.10.win32_1.0.200.202301161003/tools/bin/../lib/gcc/arm-none-eabi/10.3.1/thumb/v6-m/nofp/crtbegin.o

.ARM.extab      0x0000000008003df0        0x0
                0x0000000008003df0                . = ALIGN (0x4)
 *(.ARM.extab* .gnu.linkonce.armextab.*)
                0x0000000008003df0                . = ALIGN (0x4)

.ARM            0x0000000008003df0        0x0
                0x0000000008003df0                . = ALIGN (0x4)
                0x0000000008003df0                __exidx_start = .
 *(.ARM.exidx*)
                0x0000000008003df0                __exidx_end = .
                0x0000000008003df0                . = ALIGN (0x4)

.preinit_array  0x0000000008003df0        0x0
                0x0000000008003df0                . = ALIGN (0x4)
                0x0000000008003df0                PROVIDE (__preinit_array_start = .)
 *(.preinit_array*)
                0x0000000008003df0                PROVIDE (__preinit_array_end = .)
                0x0000000008003df0                . = ALIGN (0x4)

.init_array     0x0000000008003df0        0x4
                0x0000000008003df0                . = ALIGN (0x4)
                0x0000000008003df0                PROVIDE (__init_array_start = .)
 *(SORT_BY_NAME(.init_array.*))
 *(.init_array*)
 .init_array    0x0000000008003df0        0x4 c:/st/stm32cubeide_1.12.1/stm32cubeide/plugins/com.st.stm32cube.ide.mcu.externaltools.gnu-tools-for-stm32.10.3-2021.10.win32_1.0.200.202301161003/tools/bin/../lib/gcc/arm-none-eabi/10.3.1/thumb/v6-m/nofp/crtbegin.o
                0x0000000008003df4                PROVIDE (__init_array_end = .)
                0x0000000008003df4                . = ALIGN (0x4)

.fini_array     0x0000000008003df4        0x4
                0x0000000008003df4                . = ALIGN (0x4)
                [!provide]                        PROVIDE (__fini_array_start = .)
 *(SORT_BY_NAME(.fini_array.*))
 *(.fini_array*)
 .fini_array    0x0000000008003df4        0x4 c:/st/stm32cubeide_1.12.1/stm32cubeide/plugins/com.st.stm32cube.ide.mcu.externaltools.gnu-tools-for-stm32.10.3-2021.10.win32_1.0.200.202301161003/tools/bin/../lib/gcc/arm-none-eabi/10.3.1/thumb/v6-m/nofp/crtbegin.o
                [!provide]                        PROVIDE (__fini_array_end = .)
                0x0000000008003df8                . = ALIGN (0x4)
                0x0000000008003df8                _sidata = LOADADDR (.data)

.data           0x0000000020000000       0xe4 load address 0x0000000008003df8
                0x0000000020000000                . = ALIGN (0x4)
                0x0000000020000000                _sdata = .
 *(.data)
 *(.data*)
 .data.Holding_Registers_Database
                0x0000000020000000       0x64 ./src/ap/ap.o
 .data.SystemCoreClock
                0x0000000020000064        0x4 ./src/bsp/system_stm32f0xx.o
                0x0000000020000064                SystemCoreClock
 .data.button_tbl
                0x0000000020000068        0x8 ./src/hw/driver/button.o
                0x0000000020000068                button_tbl
 .data.led_tbl  0x0000000020000070        0x8 ./src/hw/driver/led.o
                0x0000000020000070                led_tbl
 .data.uwTickPrio
                0x0000000020000078        0x4 ./src/lib/cube_f051/Drivers/STM32F0xx_HAL_Driver/Src/stm32f0xx_hal.o
                0x0000000020000078                uwTickPrio
 .data.uwTickFreq
                0x000000002000007c        0x1 ./src/lib/cube_f051/Drivers/STM32F0xx_HAL_Driver/Src/stm32f0xx_hal.o
                0x000000002000007c                uwTickFreq
 *fill*         0x000000002000007d        0x3 
 .data._impure_ptr
                0x0000000020000080        0x4 c:/st/stm32cubeide_1.12.1/stm32cubeide/plugins/com.st.stm32cube.ide.mcu.externaltools.gnu-tools-for-stm32.10.3-2021.10.win32_1.0.200.202301161003/tools/bin/../lib/gcc/arm-none-eabi/10.3.1/../../../../arm-none-eabi/lib/thumb/v6-m/nofp\libc_nano.a(lib_a-impure.o)
                0x0000000020000080                _impure_ptr
 .data.impure_data
                0x0000000020000084       0x60 c:/st/stm32cubeide_1.12.1/stm32cubeide/plugins/com.st.stm32cube.ide.mcu.externaltools.gnu-tools-for-stm32.10.3-2021.10.win32_1.0.200.202301161003/tools/bin/../lib/gcc/arm-none-eabi/10.3.1/../../../../arm-none-eabi/lib/thumb/v6-m/nofp\libc_nano.a(lib_a-impure.o)
 *(.RamFunc)
 *(.RamFunc*)
                0x00000000200000e4                . = ALIGN (0x4)
                0x00000000200000e4                _edata = .

.igot.plt       0x00000000200000e4        0x0 load address 0x0000000008003edc
 .igot.plt      0x00000000200000e4        0x0 c:/st/stm32cubeide_1.12.1/stm32cubeide/plugins/com.st.stm32cube.ide.mcu.externaltools.gnu-tools-for-stm32.10.3-2021.10.win32_1.0.200.202301161003/tools/bin/../lib/gcc/arm-none-eabi/10.3.1/thumb/v6-m/nofp/crtbegin.o
                0x00000000200000e4                . = ALIGN (0x4)

.bss            0x00000000200000e4      0x214 load address 0x0000000008003edc
                0x00000000200000e4                _sbss = .
                0x00000000200000e4                __bss_start__ = _sbss
 *(.bss)
 .bss           0x00000000200000e4       0x1c c:/st/stm32cubeide_1.12.1/stm32cubeide/plugins/com.st.stm32cube.ide.mcu.externaltools.gnu-tools-for-stm32.10.3-2021.10.win32_1.0.200.202301161003/tools/bin/../lib/gcc/arm-none-eabi/10.3.1/thumb/v6-m/nofp/crtbegin.o
 *(.bss*)
 .bss.__sbrk_heap_end
                0x0000000020000100        0x4 ./src/bsp/sysmem.o
 .bss.is_open   0x0000000020000104        0x1 ./src/hw/driver/uart.o
 *fill*         0x0000000020000105        0x3 
 .bss.qbuffer   0x0000000020000108       0x10 ./src/hw/driver/uart.o
 .bss.rx_buf    0x0000000020000118      0x100 ./src/hw/driver/uart.o
 .bss.huart1    0x0000000020000218       0x88 ./src/hw/driver/uart.o
                0x0000000020000218                huart1
 .bss.hdma_usart1_rx
                0x00000000200002a0       0x44 ./src/hw/driver/uart.o
                0x00000000200002a0                hdma_usart1_rx
 .bss.uwTick    0x00000000200002e4        0x4 ./src/lib/cube_f051/Drivers/STM32F0xx_HAL_Driver/Src/stm32f0xx_hal.o
                0x00000000200002e4                uwTick
 .bss.__malloc_free_list
                0x00000000200002e8        0x4 c:/st/stm32cubeide_1.12.1/stm32cubeide/plugins/com.st.stm32cube.ide.mcu.externaltools.gnu-tools-for-stm32.10.3-2021.10.win32_1.0.200.202301161003/tools/bin/../lib/gcc/arm-none-eabi/10.3.1/../../../../arm-none-eabi/lib/thumb/v6-m/nofp\libc_nano.a(lib_a-nano-mallocr.o)
                0x00000000200002e8                __malloc_free_list
 .bss.__malloc_sbrk_start
                0x00000000200002ec        0x4 c:/st/stm32cubeide_1.12.1/stm32cubeide/plugins/com.st.stm32cube.ide.mcu.externaltools.gnu-tools-for-stm32.10.3-2021.10.win32_1.0.200.202301161003/tools/bin/../lib/gcc/arm-none-eabi/10.3.1/../../../../arm-none-eabi/lib/thumb/v6-m/nofp\libc_nano.a(lib_a-nano-mallocr.o)
                0x00000000200002ec                __malloc_sbrk_start
 .bss.errno     0x00000000200002f0        0x4 c:/st/stm32cubeide_1.12.1/stm32cubeide/plugins/com.st.stm32cube.ide.mcu.externaltools.gnu-tools-for-stm32.10.3-2021.10.win32_1.0.200.202301161003/tools/bin/../lib/gcc/arm-none-eabi/10.3.1/../../../../arm-none-eabi/lib/thumb/v6-m/nofp\libc_nano.a(lib_a-reent.o)
                0x00000000200002f0                errno
 .bss.__lock___malloc_recursive_mutex
                0x00000000200002f4        0x1 c:/st/stm32cubeide_1.12.1/stm32cubeide/plugins/com.st.stm32cube.ide.mcu.externaltools.gnu-tools-for-stm32.10.3-2021.10.win32_1.0.200.202301161003/tools/bin/../lib/gcc/arm-none-eabi/10.3.1/../../../../arm-none-eabi/lib/thumb/v6-m/nofp\libc_nano.a(lib_a-lock.o)
                0x00000000200002f4                __lock___malloc_recursive_mutex
 *(COMMON)
                0x00000000200002f8                . = ALIGN (0x4)
 *fill*         0x00000000200002f5        0x3 
                0x00000000200002f8                _ebss = .
                0x00000000200002f8                __bss_end__ = _ebss

._user_heap_stack
                0x00000000200002f8      0x600 load address 0x0000000008003edc
                0x00000000200002f8                . = ALIGN (0x8)
                [!provide]                        PROVIDE (end = .)
                0x00000000200002f8                PROVIDE (_end = .)
                0x00000000200004f8                . = (. + _Min_Heap_Size)
 *fill*         0x00000000200002f8      0x200 
                0x00000000200008f8                . = (. + _Min_Stack_Size)
 *fill*         0x00000000200004f8      0x400 
                0x00000000200008f8                . = ALIGN (0x8)

/DISCARD/
 libc.a(*)
 libm.a(*)
 libgcc.a(*)

.ARM.attributes
                0x0000000000000000       0x28
 *(.ARM.attributes)
 .ARM.attributes
                0x0000000000000000       0x1e c:/st/stm32cubeide_1.12.1/stm32cubeide/plugins/com.st.stm32cube.ide.mcu.externaltools.gnu-tools-for-stm32.10.3-2021.10.win32_1.0.200.202301161003/tools/bin/../lib/gcc/arm-none-eabi/10.3.1/thumb/v6-m/nofp/crti.o
 .ARM.attributes
                0x000000000000001e       0x2c c:/st/stm32cubeide_1.12.1/stm32cubeide/plugins/com.st.stm32cube.ide.mcu.externaltools.gnu-tools-for-stm32.10.3-2021.10.win32_1.0.200.202301161003/tools/bin/../lib/gcc/arm-none-eabi/10.3.1/thumb/v6-m/nofp/crtbegin.o
 .ARM.attributes
                0x000000000000004a       0x2c ./src/ap/ap.o
 .ARM.attributes
                0x0000000000000076       0x2c ./src/bsp/bsp.o
 .ARM.attributes
                0x00000000000000a2       0x2c ./src/bsp/stm32f0xx_hal_msp.o
 .ARM.attributes
                0x00000000000000ce       0x2c ./src/bsp/stm32f0xx_it.o
 .ARM.attributes
                0x00000000000000fa       0x2c ./src/bsp/sysmem.o
 .ARM.attributes
                0x0000000000000126       0x2c ./src/bsp/system_stm32f0xx.o
 .ARM.attributes
                0x0000000000000152       0x21 ./src/bsp/startup/startup_stm32f051r8tx.o
 .ARM.attributes
                0x0000000000000173       0x2c ./src/common/core/qbuffer.o
 .ARM.attributes
                0x000000000000019f       0x2c ./src/hw/driver/button.o
 .ARM.attributes
                0x00000000000001cb       0x2c ./src/hw/driver/led.o
 .ARM.attributes
                0x00000000000001f7       0x2c ./src/hw/driver/uart.o
 .ARM.attributes
                0x0000000000000223       0x2c ./src/hw/hw.o
 .ARM.attributes
                0x000000000000024f       0x2c ./src/lib/cube_f051/Drivers/STM32F0xx_HAL_Driver/Src/stm32f0xx_hal.o
 .ARM.attributes
                0x000000000000027b       0x2c ./src/lib/cube_f051/Drivers/STM32F0xx_HAL_Driver/Src/stm32f0xx_hal_cortex.o
 .ARM.attributes
                0x00000000000002a7       0x2c ./src/lib/cube_f051/Drivers/STM32F0xx_HAL_Driver/Src/stm32f0xx_hal_dma.o
 .ARM.attributes
                0x00000000000002d3       0x2c ./src/lib/cube_f051/Drivers/STM32F0xx_HAL_Driver/Src/stm32f0xx_hal_gpio.o
 .ARM.attributes
                0x00000000000002ff       0x2c ./src/lib/cube_f051/Drivers/STM32F0xx_HAL_Driver/Src/stm32f0xx_hal_rcc.o
 .ARM.attributes
                0x000000000000032b       0x2c ./src/lib/cube_f051/Drivers/STM32F0xx_HAL_Driver/Src/stm32f0xx_hal_rcc_ex.o
 .ARM.attributes
                0x0000000000000357       0x2c ./src/lib/cube_f051/Drivers/STM32F0xx_HAL_Driver/Src/stm32f0xx_hal_uart.o
 .ARM.attributes
                0x0000000000000383       0x2c ./src/lib/cube_f051/Drivers/STM32F0xx_HAL_Driver/Src/stm32f0xx_hal_uart_ex.o
 .ARM.attributes
                0x00000000000003af       0x2c ./src/main.o
 .ARM.attributes
                0x00000000000003db       0x2c c:/st/stm32cubeide_1.12.1/stm32cubeide/plugins/com.st.stm32cube.ide.mcu.externaltools.gnu-tools-for-stm32.10.3-2021.10.win32_1.0.200.202301161003/tools/bin/../lib/gcc/arm-none-eabi/10.3.1/../../../../arm-none-eabi/lib/thumb/v6-m/nofp\libc_nano.a(lib_a-errno.o)
 .ARM.attributes
                0x0000000000000407       0x2c c:/st/stm32cubeide_1.12.1/stm32cubeide/plugins/com.st.stm32cube.ide.mcu.externaltools.gnu-tools-for-stm32.10.3-2021.10.win32_1.0.200.202301161003/tools/bin/../lib/gcc/arm-none-eabi/10.3.1/../../../../arm-none-eabi/lib/thumb/v6-m/nofp\libc_nano.a(lib_a-impure.o)
 .ARM.attributes
                0x0000000000000433       0x2c c:/st/stm32cubeide_1.12.1/stm32cubeide/plugins/com.st.stm32cube.ide.mcu.externaltools.gnu-tools-for-stm32.10.3-2021.10.win32_1.0.200.202301161003/tools/bin/../lib/gcc/arm-none-eabi/10.3.1/../../../../arm-none-eabi/lib/thumb/v6-m/nofp\libc_nano.a(lib_a-init.o)
 .ARM.attributes
                0x000000000000045f       0x2c c:/st/stm32cubeide_1.12.1/stm32cubeide/plugins/com.st.stm32cube.ide.mcu.externaltools.gnu-tools-for-stm32.10.3-2021.10.win32_1.0.200.202301161003/tools/bin/../lib/gcc/arm-none-eabi/10.3.1/../../../../arm-none-eabi/lib/thumb/v6-m/nofp\libc_nano.a(lib_a-memset.o)
 .ARM.attributes
                0x000000000000048b       0x2c c:/st/stm32cubeide_1.12.1/stm32cubeide/plugins/com.st.stm32cube.ide.mcu.externaltools.gnu-tools-for-stm32.10.3-2021.10.win32_1.0.200.202301161003/tools/bin/../lib/gcc/arm-none-eabi/10.3.1/../../../../arm-none-eabi/lib/thumb/v6-m/nofp\libc_nano.a(lib_a-vsnprintf.o)
 .ARM.attributes
                0x00000000000004b7       0x2c c:/st/stm32cubeide_1.12.1/stm32cubeide/plugins/com.st.stm32cube.ide.mcu.externaltools.gnu-tools-for-stm32.10.3-2021.10.win32_1.0.200.202301161003/tools/bin/../lib/gcc/arm-none-eabi/10.3.1/../../../../arm-none-eabi/lib/thumb/v6-m/nofp\libc_nano.a(lib_a-nano-svfprintf.o)
 .ARM.attributes
                0x00000000000004e3       0x2c c:/st/stm32cubeide_1.12.1/stm32cubeide/plugins/com.st.stm32cube.ide.mcu.externaltools.gnu-tools-for-stm32.10.3-2021.10.win32_1.0.200.202301161003/tools/bin/../lib/gcc/arm-none-eabi/10.3.1/../../../../arm-none-eabi/lib/thumb/v6-m/nofp\libc_nano.a(lib_a-nano-vfprintf_i.o)
 .ARM.attributes
                0x000000000000050f       0x2c c:/st/stm32cubeide_1.12.1/stm32cubeide/plugins/com.st.stm32cube.ide.mcu.externaltools.gnu-tools-for-stm32.10.3-2021.10.win32_1.0.200.202301161003/tools/bin/../lib/gcc/arm-none-eabi/10.3.1/../../../../arm-none-eabi/lib/thumb/v6-m/nofp\libc_nano.a(lib_a-memchr-stub.o)
 .ARM.attributes
                0x000000000000053b       0x2c c:/st/stm32cubeide_1.12.1/stm32cubeide/plugins/com.st.stm32cube.ide.mcu.externaltools.gnu-tools-for-stm32.10.3-2021.10.win32_1.0.200.202301161003/tools/bin/../lib/gcc/arm-none-eabi/10.3.1/../../../../arm-none-eabi/lib/thumb/v6-m/nofp\libc_nano.a(lib_a-memcpy-stub.o)
 .ARM.attributes
                0x0000000000000567       0x2c c:/st/stm32cubeide_1.12.1/stm32cubeide/plugins/com.st.stm32cube.ide.mcu.externaltools.gnu-tools-for-stm32.10.3-2021.10.win32_1.0.200.202301161003/tools/bin/../lib/gcc/arm-none-eabi/10.3.1/../../../../arm-none-eabi/lib/thumb/v6-m/nofp\libc_nano.a(lib_a-memmove.o)
 .ARM.attributes
                0x0000000000000593       0x2c c:/st/stm32cubeide_1.12.1/stm32cubeide/plugins/com.st.stm32cube.ide.mcu.externaltools.gnu-tools-for-stm32.10.3-2021.10.win32_1.0.200.202301161003/tools/bin/../lib/gcc/arm-none-eabi/10.3.1/../../../../arm-none-eabi/lib/thumb/v6-m/nofp\libc_nano.a(lib_a-nano-freer.o)
 .ARM.attributes
                0x00000000000005bf       0x2c c:/st/stm32cubeide_1.12.1/stm32cubeide/plugins/com.st.stm32cube.ide.mcu.externaltools.gnu-tools-for-stm32.10.3-2021.10.win32_1.0.200.202301161003/tools/bin/../lib/gcc/arm-none-eabi/10.3.1/../../../../arm-none-eabi/lib/thumb/v6-m/nofp\libc_nano.a(lib_a-nano-mallocr.o)
 .ARM.attributes
                0x00000000000005eb       0x2c c:/st/stm32cubeide_1.12.1/stm32cubeide/plugins/com.st.stm32cube.ide.mcu.externaltools.gnu-tools-for-stm32.10.3-2021.10.win32_1.0.200.202301161003/tools/bin/../lib/gcc/arm-none-eabi/10.3.1/../../../../arm-none-eabi/lib/thumb/v6-m/nofp\libc_nano.a(lib_a-nano-reallocr.o)
 .ARM.attributes
                0x0000000000000617       0x2c c:/st/stm32cubeide_1.12.1/stm32cubeide/plugins/com.st.stm32cube.ide.mcu.externaltools.gnu-tools-for-stm32.10.3-2021.10.win32_1.0.200.202301161003/tools/bin/../lib/gcc/arm-none-eabi/10.3.1/../../../../arm-none-eabi/lib/thumb/v6-m/nofp\libc_nano.a(lib_a-sbrkr.o)
 .ARM.attributes
                0x0000000000000643       0x2c c:/st/stm32cubeide_1.12.1/stm32cubeide/plugins/com.st.stm32cube.ide.mcu.externaltools.gnu-tools-for-stm32.10.3-2021.10.win32_1.0.200.202301161003/tools/bin/../lib/gcc/arm-none-eabi/10.3.1/../../../../arm-none-eabi/lib/thumb/v6-m/nofp\libc_nano.a(lib_a-mlock.o)
 .ARM.attributes
                0x000000000000066f       0x2c c:/st/stm32cubeide_1.12.1/stm32cubeide/plugins/com.st.stm32cube.ide.mcu.externaltools.gnu-tools-for-stm32.10.3-2021.10.win32_1.0.200.202301161003/tools/bin/../lib/gcc/arm-none-eabi/10.3.1/../../../../arm-none-eabi/lib/thumb/v6-m/nofp\libc_nano.a(lib_a-nano-msizer.o)
 .ARM.attributes
                0x000000000000069b       0x2c c:/st/stm32cubeide_1.12.1/stm32cubeide/plugins/com.st.stm32cube.ide.mcu.externaltools.gnu-tools-for-stm32.10.3-2021.10.win32_1.0.200.202301161003/tools/bin/../lib/gcc/arm-none-eabi/10.3.1/../../../../arm-none-eabi/lib/thumb/v6-m/nofp\libc_nano.a(lib_a-reent.o)
 .ARM.attributes
                0x00000000000006c7       0x2c c:/st/stm32cubeide_1.12.1/stm32cubeide/plugins/com.st.stm32cube.ide.mcu.externaltools.gnu-tools-for-stm32.10.3-2021.10.win32_1.0.200.202301161003/tools/bin/../lib/gcc/arm-none-eabi/10.3.1/../../../../arm-none-eabi/lib/thumb/v6-m/nofp\libc_nano.a(lib_a-lock.o)
 .ARM.attributes
                0x00000000000006f3       0x1e c:/st/stm32cubeide_1.12.1/stm32cubeide/plugins/com.st.stm32cube.ide.mcu.externaltools.gnu-tools-for-stm32.10.3-2021.10.win32_1.0.200.202301161003/tools/bin/../lib/gcc/arm-none-eabi/10.3.1/thumb/v6-m/nofp\libgcc.a(_thumb1_case_shi.o)
 .ARM.attributes
                0x0000000000000711       0x1e c:/st/stm32cubeide_1.12.1/stm32cubeide/plugins/com.st.stm32cube.ide.mcu.externaltools.gnu-tools-for-stm32.10.3-2021.10.win32_1.0.200.202301161003/tools/bin/../lib/gcc/arm-none-eabi/10.3.1/thumb/v6-m/nofp\libgcc.a(_udivsi3.o)
 .ARM.attributes
                0x000000000000072f       0x1e c:/st/stm32cubeide_1.12.1/stm32cubeide/plugins/com.st.stm32cube.ide.mcu.externaltools.gnu-tools-for-stm32.10.3-2021.10.win32_1.0.200.202301161003/tools/bin/../lib/gcc/arm-none-eabi/10.3.1/thumb/v6-m/nofp\libgcc.a(_dvmd_tls.o)
 .ARM.attributes
                0x000000000000074d       0x1e c:/st/stm32cubeide_1.12.1/stm32cubeide/plugins/com.st.stm32cube.ide.mcu.externaltools.gnu-tools-for-stm32.10.3-2021.10.win32_1.0.200.202301161003/tools/bin/../lib/gcc/arm-none-eabi/10.3.1/thumb/v6-m/nofp/crtn.o
OUTPUT(stm32f0discovery.elf elf32-littlearm)
LOAD linker stubs
LOAD c:/st/stm32cubeide_1.12.1/stm32cubeide/plugins/com.st.stm32cube.ide.mcu.externaltools.gnu-tools-for-stm32.10.3-2021.10.win32_1.0.200.202301161003/tools/bin/../lib/gcc/arm-none-eabi/10.3.1/../../../../arm-none-eabi/lib/thumb/v6-m/nofp\libc.a
LOAD c:/st/stm32cubeide_1.12.1/stm32cubeide/plugins/com.st.stm32cube.ide.mcu.externaltools.gnu-tools-for-stm32.10.3-2021.10.win32_1.0.200.202301161003/tools/bin/../lib/gcc/arm-none-eabi/10.3.1/../../../../arm-none-eabi/lib/thumb/v6-m/nofp\libm.a
LOAD c:/st/stm32cubeide_1.12.1/stm32cubeide/plugins/com.st.stm32cube.ide.mcu.externaltools.gnu-tools-for-stm32.10.3-2021.10.win32_1.0.200.202301161003/tools/bin/../lib/gcc/arm-none-eabi/10.3.1/thumb/v6-m/nofp\libgcc.a

.debug_info     0x0000000000000000     0xa3f0
 .debug_info    0x0000000000000000      0x278 ./src/ap/ap.o
 .debug_info    0x0000000000000278      0x4b0 ./src/bsp/bsp.o
 .debug_info    0x0000000000000728      0x225 ./src/bsp/stm32f0xx_hal_msp.o
 .debug_info    0x000000000000094d      0x778 ./src/bsp/stm32f0xx_it.o
 .debug_info    0x00000000000010c5      0x171 ./src/bsp/sysmem.o
 .debug_info    0x0000000000001236      0x262 ./src/bsp/system_stm32f0xx.o
 .debug_info    0x0000000000001498       0x22 ./src/bsp/startup/startup_stm32f051r8tx.o
 .debug_info    0x00000000000014ba      0x2bd ./src/common/core/qbuffer.o
 .debug_info    0x0000000000001777      0x469 ./src/hw/driver/button.o
 .debug_info    0x0000000000001be0      0x4d3 ./src/hw/driver/led.o
 .debug_info    0x00000000000020b3      0xf38 ./src/hw/driver/uart.o
 .debug_info    0x0000000000002feb      0x129 ./src/hw/hw.o
 .debug_info    0x0000000000003114      0x6de ./src/lib/cube_f051/Drivers/STM32F0xx_HAL_Driver/Src/stm32f0xx_hal.o
 .debug_info    0x00000000000037f2      0x711 ./src/lib/cube_f051/Drivers/STM32F0xx_HAL_Driver/Src/stm32f0xx_hal_cortex.o
 .debug_info    0x0000000000003f03      0x752 ./src/lib/cube_f051/Drivers/STM32F0xx_HAL_Driver/Src/stm32f0xx_hal_dma.o
 .debug_info    0x0000000000004655      0x620 ./src/lib/cube_f051/Drivers/STM32F0xx_HAL_Driver/Src/stm32f0xx_hal_gpio.o
 .debug_info    0x0000000000004c75      0x8a3 ./src/lib/cube_f051/Drivers/STM32F0xx_HAL_Driver/Src/stm32f0xx_hal_rcc.o
 .debug_info    0x0000000000005518      0x389 ./src/lib/cube_f051/Drivers/STM32F0xx_HAL_Driver/Src/stm32f0xx_hal_rcc_ex.o
 .debug_info    0x00000000000058a1     0x3d36 ./src/lib/cube_f051/Drivers/STM32F0xx_HAL_Driver/Src/stm32f0xx_hal_uart.o
 .debug_info    0x00000000000095d7      0xd07 ./src/lib/cube_f051/Drivers/STM32F0xx_HAL_Driver/Src/stm32f0xx_hal_uart_ex.o
 .debug_info    0x000000000000a2de      0x112 ./src/main.o

.debug_abbrev   0x0000000000000000     0x215d
 .debug_abbrev  0x0000000000000000      0x146 ./src/ap/ap.o
 .debug_abbrev  0x0000000000000146      0x1cd ./src/bsp/bsp.o
 .debug_abbrev  0x0000000000000313       0xdb ./src/bsp/stm32f0xx_hal_msp.o
 .debug_abbrev  0x00000000000003ee      0x19a ./src/bsp/stm32f0xx_it.o
 .debug_abbrev  0x0000000000000588       0xbb ./src/bsp/sysmem.o
 .debug_abbrev  0x0000000000000643      0x116 ./src/bsp/system_stm32f0xx.o
 .debug_abbrev  0x0000000000000759       0x12 ./src/bsp/startup/startup_stm32f051r8tx.o
 .debug_abbrev  0x000000000000076b      0x124 ./src/common/core/qbuffer.o
 .debug_abbrev  0x000000000000088f      0x19d ./src/hw/driver/button.o
 .debug_abbrev  0x0000000000000a2c      0x1a2 ./src/hw/driver/led.o
 .debug_abbrev  0x0000000000000bce      0x28c ./src/hw/driver/uart.o
 .debug_abbrev  0x0000000000000e5a       0xa8 ./src/hw/hw.o
 .debug_abbrev  0x0000000000000f02      0x23f ./src/lib/cube_f051/Drivers/STM32F0xx_HAL_Driver/Src/stm32f0xx_hal.o
 .debug_abbrev  0x0000000000001141      0x283 ./src/lib/cube_f051/Drivers/STM32F0xx_HAL_Driver/Src/stm32f0xx_hal_cortex.o
 .debug_abbrev  0x00000000000013c4      0x1e9 ./src/lib/cube_f051/Drivers/STM32F0xx_HAL_Driver/Src/stm32f0xx_hal_dma.o
 .debug_abbrev  0x00000000000015ad      0x1bb ./src/lib/cube_f051/Drivers/STM32F0xx_HAL_Driver/Src/stm32f0xx_hal_gpio.o
 .debug_abbrev  0x0000000000001768      0x283 ./src/lib/cube_f051/Drivers/STM32F0xx_HAL_Driver/Src/stm32f0xx_hal_rcc.o
 .debug_abbrev  0x00000000000019eb      0x169 ./src/lib/cube_f051/Drivers/STM32F0xx_HAL_Driver/Src/stm32f0xx_hal_rcc_ex.o
 .debug_abbrev  0x0000000000001b54      0x2cb ./src/lib/cube_f051/Drivers/STM32F0xx_HAL_Driver/Src/stm32f0xx_hal_uart.o
 .debug_abbrev  0x0000000000001e1f      0x2a9 ./src/lib/cube_f051/Drivers/STM32F0xx_HAL_Driver/Src/stm32f0xx_hal_uart_ex.o
 .debug_abbrev  0x00000000000020c8       0x95 ./src/main.o

.debug_aranges  0x0000000000000000      0x858
 .debug_aranges
                0x0000000000000000       0x30 ./src/ap/ap.o
 .debug_aranges
                0x0000000000000030       0x40 ./src/bsp/bsp.o
 .debug_aranges
                0x0000000000000070       0x20 ./src/bsp/stm32f0xx_hal_msp.o
 .debug_aranges
                0x0000000000000090       0x50 ./src/bsp/stm32f0xx_it.o
 .debug_aranges
                0x00000000000000e0       0x20 ./src/bsp/sysmem.o
 .debug_aranges
                0x0000000000000100       0x28 ./src/bsp/system_stm32f0xx.o
 .debug_aranges
                0x0000000000000128       0x28 ./src/bsp/startup/startup_stm32f051r8tx.o
 .debug_aranges
                0x0000000000000150       0x48 ./src/common/core/qbuffer.o
 .debug_aranges
                0x0000000000000198       0x28 ./src/hw/driver/button.o
 .debug_aranges
                0x00000000000001c0       0x38 ./src/hw/driver/led.o
 .debug_aranges
                0x00000000000001f8       0x68 ./src/hw/driver/uart.o
 .debug_aranges
                0x0000000000000260       0x20 ./src/hw/hw.o
 .debug_aranges
                0x0000000000000280       0xd0 ./src/lib/cube_f051/Drivers/STM32F0xx_HAL_Driver/Src/stm32f0xx_hal.o
 .debug_aranges
                0x0000000000000350       0xc0 ./src/lib/cube_f051/Drivers/STM32F0xx_HAL_Driver/Src/stm32f0xx_hal_cortex.o
 .debug_aranges
                0x0000000000000410       0x88 ./src/lib/cube_f051/Drivers/STM32F0xx_HAL_Driver/Src/stm32f0xx_hal_dma.o
 .debug_aranges
                0x0000000000000498       0x58 ./src/lib/cube_f051/Drivers/STM32F0xx_HAL_Driver/Src/stm32f0xx_hal_gpio.o
 .debug_aranges
                0x00000000000004f0       0x80 ./src/lib/cube_f051/Drivers/STM32F0xx_HAL_Driver/Src/stm32f0xx_hal_rcc.o
 .debug_aranges
                0x0000000000000570       0x30 ./src/lib/cube_f051/Drivers/STM32F0xx_HAL_Driver/Src/stm32f0xx_hal_rcc_ex.o
 .debug_aranges
                0x00000000000005a0      0x228 ./src/lib/cube_f051/Drivers/STM32F0xx_HAL_Driver/Src/stm32f0xx_hal_uart.o
 .debug_aranges
                0x00000000000007c8       0x70 ./src/lib/cube_f051/Drivers/STM32F0xx_HAL_Driver/Src/stm32f0xx_hal_uart_ex.o
 .debug_aranges
                0x0000000000000838       0x20 ./src/main.o

.debug_ranges   0x0000000000000000      0x740
 .debug_ranges  0x0000000000000000       0x20 ./src/ap/ap.o
 .debug_ranges  0x0000000000000020       0x30 ./src/bsp/bsp.o
 .debug_ranges  0x0000000000000050       0x10 ./src/bsp/stm32f0xx_hal_msp.o
 .debug_ranges  0x0000000000000060       0x40 ./src/bsp/stm32f0xx_it.o
 .debug_ranges  0x00000000000000a0       0x10 ./src/bsp/sysmem.o
 .debug_ranges  0x00000000000000b0       0x18 ./src/bsp/system_stm32f0xx.o
 .debug_ranges  0x00000000000000c8       0x20 ./src/bsp/startup/startup_stm32f051r8tx.o
 .debug_ranges  0x00000000000000e8       0x38 ./src/common/core/qbuffer.o
 .debug_ranges  0x0000000000000120       0x18 ./src/hw/driver/button.o
 .debug_ranges  0x0000000000000138       0x28 ./src/hw/driver/led.o
 .debug_ranges  0x0000000000000160       0x58 ./src/hw/driver/uart.o
 .debug_ranges  0x00000000000001b8       0x10 ./src/hw/hw.o
 .debug_ranges  0x00000000000001c8       0xc0 ./src/lib/cube_f051/Drivers/STM32F0xx_HAL_Driver/Src/stm32f0xx_hal.o
 .debug_ranges  0x0000000000000288       0xb0 ./src/lib/cube_f051/Drivers/STM32F0xx_HAL_Driver/Src/stm32f0xx_hal_cortex.o
 .debug_ranges  0x0000000000000338       0x78 ./src/lib/cube_f051/Drivers/STM32F0xx_HAL_Driver/Src/stm32f0xx_hal_dma.o
 .debug_ranges  0x00000000000003b0       0x48 ./src/lib/cube_f051/Drivers/STM32F0xx_HAL_Driver/Src/stm32f0xx_hal_gpio.o
 .debug_ranges  0x00000000000003f8       0x70 ./src/lib/cube_f051/Drivers/STM32F0xx_HAL_Driver/Src/stm32f0xx_hal_rcc.o
 .debug_ranges  0x0000000000000468       0x20 ./src/lib/cube_f051/Drivers/STM32F0xx_HAL_Driver/Src/stm32f0xx_hal_rcc_ex.o
 .debug_ranges  0x0000000000000488      0x248 ./src/lib/cube_f051/Drivers/STM32F0xx_HAL_Driver/Src/stm32f0xx_hal_uart.o
 .debug_ranges  0x00000000000006d0       0x60 ./src/lib/cube_f051/Drivers/STM32F0xx_HAL_Driver/Src/stm32f0xx_hal_uart_ex.o
 .debug_ranges  0x0000000000000730       0x10 ./src/main.o

.debug_macro    0x0000000000000000    0x13841
 .debug_macro   0x0000000000000000      0x38f ./src/ap/ap.o
 .debug_macro   0x000000000000038f      0xa42 ./src/ap/ap.o
 .debug_macro   0x0000000000000dd1       0x22 ./src/ap/ap.o
 .debug_macro   0x0000000000000df3       0x4c ./src/ap/ap.o
 .debug_macro   0x0000000000000e3f       0x18 ./src/ap/ap.o
 .debug_macro   0x0000000000000e57       0x94 ./src/ap/ap.o
 .debug_macro   0x0000000000000eeb       0x3c ./src/ap/ap.o
 .debug_macro   0x0000000000000f27       0x34 ./src/ap/ap.o
 .debug_macro   0x0000000000000f5b       0x16 ./src/ap/ap.o
 .debug_macro   0x0000000000000f71       0x57 ./src/ap/ap.o
 .debug_macro   0x0000000000000fc8       0x97 ./src/ap/ap.o
 .debug_macro   0x000000000000105f      0x341 ./src/ap/ap.o
 .debug_macro   0x00000000000013a0       0xfd ./src/ap/ap.o
 .debug_macro   0x000000000000149d       0x10 ./src/ap/ap.o
 .debug_macro   0x00000000000014ad       0x16 ./src/ap/ap.o
 .debug_macro   0x00000000000014c3       0x43 ./src/ap/ap.o
 .debug_macro   0x0000000000001506       0x34 ./src/ap/ap.o
 .debug_macro   0x000000000000153a       0x10 ./src/ap/ap.o
 .debug_macro   0x000000000000154a       0x58 ./src/ap/ap.o
 .debug_macro   0x00000000000015a2       0x71 ./src/ap/ap.o
 .debug_macro   0x0000000000001613       0x1c ./src/ap/ap.o
 .debug_macro   0x000000000000162f      0x12a ./src/ap/ap.o
 .debug_macro   0x0000000000001759       0x10 ./src/ap/ap.o
 .debug_macro   0x0000000000001769       0x6a ./src/ap/ap.o
 .debug_macro   0x00000000000017d3       0x1c ./src/ap/ap.o
 .debug_macro   0x00000000000017ef       0x52 ./src/ap/ap.o
 .debug_macro   0x0000000000001841       0x22 ./src/ap/ap.o
 .debug_macro   0x0000000000001863       0x10 ./src/ap/ap.o
 .debug_macro   0x0000000000001873       0x52 ./src/ap/ap.o
 .debug_macro   0x00000000000018c5       0xd5 ./src/ap/ap.o
 .debug_macro   0x000000000000199a       0x1c ./src/ap/ap.o
 .debug_macro   0x00000000000019b6       0x3d ./src/ap/ap.o
 .debug_macro   0x00000000000019f3       0x16 ./src/ap/ap.o
 .debug_macro   0x0000000000001a09      0x145 ./src/ap/ap.o
 .debug_macro   0x0000000000001b4e      0x103 ./src/ap/ap.o
 .debug_macro   0x0000000000001c51      0x1df ./src/ap/ap.o
 .debug_macro   0x0000000000001e30       0x22 ./src/ap/ap.o
 .debug_macro   0x0000000000001e52       0x4c ./src/ap/ap.o
 .debug_macro   0x0000000000001e9e       0x34 ./src/ap/ap.o
 .debug_macro   0x0000000000001ed2      0x12d ./src/ap/ap.o
 .debug_macro   0x0000000000001fff       0x2e ./src/ap/ap.o
 .debug_macro   0x000000000000202d       0x22 ./src/ap/ap.o
 .debug_macro   0x000000000000204f       0x1c ./src/ap/ap.o
 .debug_macro   0x000000000000206b       0x22 ./src/ap/ap.o
 .debug_macro   0x000000000000208d       0xaf ./src/ap/ap.o
 .debug_macro   0x000000000000213c      0x391 ./src/ap/ap.o
 .debug_macro   0x00000000000024cd     0x8d00 ./src/ap/ap.o
 .debug_macro   0x000000000000b1cd       0x66 ./src/ap/ap.o
 .debug_macro   0x000000000000b233     0x34be ./src/ap/ap.o
 .debug_macro   0x000000000000e6f1       0x4f ./src/ap/ap.o
 .debug_macro   0x000000000000e740      0x924 ./src/ap/ap.o
 .debug_macro   0x000000000000f064      0x251 ./src/ap/ap.o
 .debug_macro   0x000000000000f2b5      0x1ae ./src/ap/ap.o
 .debug_macro   0x000000000000f463      0x114 ./src/ap/ap.o
 .debug_macro   0x000000000000f577      0x1a0 ./src/ap/ap.o
 .debug_macro   0x000000000000f717      0x1ed ./src/ap/ap.o
 .debug_macro   0x000000000000f904       0x34 ./src/ap/ap.o
 .debug_macro   0x000000000000f938       0x43 ./src/ap/ap.o
 .debug_macro   0x000000000000f97b       0x28 ./src/ap/ap.o
 .debug_macro   0x000000000000f9a3       0xb0 ./src/ap/ap.o
 .debug_macro   0x000000000000fa53      0x199 ./src/ap/ap.o
 .debug_macro   0x000000000000fbec      0x22c ./src/ap/ap.o
 .debug_macro   0x000000000000fe18       0x61 ./src/ap/ap.o
 .debug_macro   0x000000000000fe79       0xa5 ./src/ap/ap.o
 .debug_macro   0x000000000000ff1e       0x4c ./src/ap/ap.o
 .debug_macro   0x000000000000ff6a      0x112 ./src/ap/ap.o
 .debug_macro   0x000000000001007c      0x5ba ./src/ap/ap.o
 .debug_macro   0x0000000000010636       0x3e ./src/ap/ap.o
 .debug_macro   0x0000000000010674      0x114 ./src/ap/ap.o
 .debug_macro   0x0000000000010788       0x40 ./src/ap/ap.o
 .debug_macro   0x00000000000107c8       0x10 ./src/ap/ap.o
 .debug_macro   0x00000000000107d8       0x10 ./src/ap/ap.o
 .debug_macro   0x00000000000107e8       0x1c ./src/ap/ap.o
 .debug_macro   0x0000000000010804      0x32d ./src/bsp/bsp.o
 .debug_macro   0x0000000000010b31      0x399 ./src/bsp/stm32f0xx_hal_msp.o
 .debug_macro   0x0000000000010eca      0x3a3 ./src/bsp/stm32f0xx_it.o
 .debug_macro   0x000000000001126d       0xff ./src/bsp/sysmem.o
 .debug_macro   0x000000000001136c      0x23b ./src/bsp/sysmem.o
 .debug_macro   0x00000000000115a7       0xcc ./src/bsp/system_stm32f0xx.o
 .debug_macro   0x0000000000011673       0x8e ./src/bsp/system_stm32f0xx.o
 .debug_macro   0x0000000000011701       0x51 ./src/bsp/system_stm32f0xx.o
 .debug_macro   0x0000000000011752      0x1ec ./src/common/core/qbuffer.o
 .debug_macro   0x000000000001193e      0x34c ./src/hw/driver/button.o
 .debug_macro   0x0000000000011c8a      0x34c ./src/hw/driver/led.o
 .debug_macro   0x0000000000011fd6      0x356 ./src/hw/driver/uart.o
 .debug_macro   0x000000000001232c      0x385 ./src/hw/hw.o
 .debug_macro   0x00000000000126b1      0x1cd ./src/lib/cube_f051/Drivers/STM32F0xx_HAL_Driver/Src/stm32f0xx_hal.o
 .debug_macro   0x000000000001287e       0x55 ./src/lib/cube_f051/Drivers/STM32F0xx_HAL_Driver/Src/stm32f0xx_hal.o
 .debug_macro   0x00000000000128d3      0x1a9 ./src/lib/cube_f051/Drivers/STM32F0xx_HAL_Driver/Src/stm32f0xx_hal_cortex.o
 .debug_macro   0x0000000000012a7c      0x1a9 ./src/lib/cube_f051/Drivers/STM32F0xx_HAL_Driver/Src/stm32f0xx_hal_dma.o
 .debug_macro   0x0000000000012c25      0x1b0 ./src/lib/cube_f051/Drivers/STM32F0xx_HAL_Driver/Src/stm32f0xx_hal_gpio.o
 .debug_macro   0x0000000000012dd5      0x1bb ./src/lib/cube_f051/Drivers/STM32F0xx_HAL_Driver/Src/stm32f0xx_hal_rcc.o
 .debug_macro   0x0000000000012f90      0x1a9 ./src/lib/cube_f051/Drivers/STM32F0xx_HAL_Driver/Src/stm32f0xx_hal_rcc_ex.o
 .debug_macro   0x0000000000013139      0x1c6 ./src/lib/cube_f051/Drivers/STM32F0xx_HAL_Driver/Src/stm32f0xx_hal_uart.o
 .debug_macro   0x00000000000132ff      0x1a9 ./src/lib/cube_f051/Drivers/STM32F0xx_HAL_Driver/Src/stm32f0xx_hal_uart_ex.o
 .debug_macro   0x00000000000134a8      0x399 ./src/main.o

.debug_line     0x0000000000000000     0xf894
 .debug_line    0x0000000000000000      0xb40 ./src/ap/ap.o
 .debug_line    0x0000000000000b40      0xaaa ./src/bsp/bsp.o
 .debug_line    0x00000000000015ea      0xb5d ./src/bsp/stm32f0xx_hal_msp.o
 .debug_line    0x0000000000002147      0xbf2 ./src/bsp/stm32f0xx_it.o
 .debug_line    0x0000000000002d39      0x4f3 ./src/bsp/sysmem.o
 .debug_line    0x000000000000322c      0x54d ./src/bsp/system_stm32f0xx.o
 .debug_line    0x0000000000003779       0x8c ./src/bsp/startup/startup_stm32f051r8tx.o
 .debug_line    0x0000000000003805      0x711 ./src/common/core/qbuffer.o
 .debug_line    0x0000000000003f16      0xaf3 ./src/hw/driver/button.o
 .debug_line    0x0000000000004a09      0xb2e ./src/hw/driver/led.o
 .debug_line    0x0000000000005537      0xcc7 ./src/hw/driver/uart.o
 .debug_line    0x00000000000061fe      0xadc ./src/hw/hw.o
 .debug_line    0x0000000000006cda      0xa68 ./src/lib/cube_f051/Drivers/STM32F0xx_HAL_Driver/Src/stm32f0xx_hal.o
 .debug_line    0x0000000000007742      0xb14 ./src/lib/cube_f051/Drivers/STM32F0xx_HAL_Driver/Src/stm32f0xx_hal_cortex.o
 .debug_line    0x0000000000008256      0xd8c ./src/lib/cube_f051/Drivers/STM32F0xx_HAL_Driver/Src/stm32f0xx_hal_dma.o
 .debug_line    0x0000000000008fe2      0xbe3 ./src/lib/cube_f051/Drivers/STM32F0xx_HAL_Driver/Src/stm32f0xx_hal_gpio.o
 .debug_line    0x0000000000009bc5      0xe50 ./src/lib/cube_f051/Drivers/STM32F0xx_HAL_Driver/Src/stm32f0xx_hal_rcc.o
 .debug_line    0x000000000000aa15      0xa0e ./src/lib/cube_f051/Drivers/STM32F0xx_HAL_Driver/Src/stm32f0xx_hal_rcc_ex.o
 .debug_line    0x000000000000b423     0x2cf4 ./src/lib/cube_f051/Drivers/STM32F0xx_HAL_Driver/Src/stm32f0xx_hal_uart.o
 .debug_line    0x000000000000e117      0xc62 ./src/lib/cube_f051/Drivers/STM32F0xx_HAL_Driver/Src/stm32f0xx_hal_uart_ex.o
 .debug_line    0x000000000000ed79      0xb1b ./src/main.o

.debug_str      0x0000000000000000    0x69868
 .debug_str     0x0000000000000000    0x6713c ./src/ap/ap.o
                                      0x6743d (size before relaxing)
 .debug_str     0x000000000006713c      0x2da ./src/bsp/bsp.o
                                      0x673ac (size before relaxing)
 .debug_str     0x0000000000067416       0x38 ./src/bsp/stm32f0xx_hal_msp.o
                                      0x673f2 (size before relaxing)
 .debug_str     0x000000000006744e      0x490 ./src/bsp/stm32f0xx_it.o
                                      0x6787e (size before relaxing)
 .debug_str     0x00000000000678de      0x4d9 ./src/bsp/sysmem.o
                                       0x5ca1 (size before relaxing)
 .debug_str     0x0000000000067db7       0x8a ./src/bsp/system_stm32f0xx.o
                                      0x36b8b (size before relaxing)
 .debug_str     0x0000000000067e41       0x39 ./src/bsp/startup/startup_stm32f051r8tx.o
                                         0x70 (size before relaxing)
 .debug_str     0x0000000000067e7a       0xbd ./src/common/core/qbuffer.o
                                       0x7e0b (size before relaxing)
 .debug_str     0x0000000000067f37       0xc9 ./src/hw/driver/button.o
                                      0x6739d (size before relaxing)
 .debug_str     0x0000000000068000       0x76 ./src/hw/driver/led.o
                                      0x673af (size before relaxing)
 .debug_str     0x0000000000068076      0x29f ./src/hw/driver/uart.o
                                      0x67b4f (size before relaxing)
 .debug_str     0x0000000000068315       0x16 ./src/hw/hw.o
                                      0x6737e (size before relaxing)
 .debug_str     0x000000000006832b      0x380 ./src/lib/cube_f051/Drivers/STM32F0xx_HAL_Driver/Src/stm32f0xx_hal.o
                                      0x6387a (size before relaxing)
 .debug_str     0x00000000000686ab      0x1a9 ./src/lib/cube_f051/Drivers/STM32F0xx_HAL_Driver/Src/stm32f0xx_hal_cortex.o
                                      0x6366b (size before relaxing)
 .debug_str     0x0000000000068854      0x230 ./src/lib/cube_f051/Drivers/STM32F0xx_HAL_Driver/Src/stm32f0xx_hal_dma.o
                                      0x6365a (size before relaxing)
 .debug_str     0x0000000000068a84      0x101 ./src/lib/cube_f051/Drivers/STM32F0xx_HAL_Driver/Src/stm32f0xx_hal_gpio.o
                                      0x63455 (size before relaxing)
 .debug_str     0x0000000000068b85      0x22c ./src/lib/cube_f051/Drivers/STM32F0xx_HAL_Driver/Src/stm32f0xx_hal_rcc.o
                                      0x636f0 (size before relaxing)
 .debug_str     0x0000000000068db1       0xa9 ./src/lib/cube_f051/Drivers/STM32F0xx_HAL_Driver/Src/stm32f0xx_hal_rcc_ex.o
                                      0x6340f (size before relaxing)
 .debug_str     0x0000000000068e5a      0x828 ./src/lib/cube_f051/Drivers/STM32F0xx_HAL_Driver/Src/stm32f0xx_hal_uart.o
                                      0x64018 (size before relaxing)
 .debug_str     0x0000000000069682      0x1d3 ./src/lib/cube_f051/Drivers/STM32F0xx_HAL_Driver/Src/stm32f0xx_hal_uart_ex.o
                                      0x63949 (size before relaxing)
 .debug_str     0x0000000000069855       0x13 ./src/main.o
                                      0x67381 (size before relaxing)

.comment        0x0000000000000000       0x50
 .comment       0x0000000000000000       0x50 ./src/ap/ap.o
                                         0x51 (size before relaxing)
 .comment       0x0000000000000050       0x51 ./src/bsp/bsp.o
 .comment       0x0000000000000050       0x51 ./src/bsp/stm32f0xx_hal_msp.o
 .comment       0x0000000000000050       0x51 ./src/bsp/stm32f0xx_it.o
 .comment       0x0000000000000050       0x51 ./src/bsp/sysmem.o
 .comment       0x0000000000000050       0x51 ./src/bsp/system_stm32f0xx.o
 .comment       0x0000000000000050       0x51 ./src/common/core/qbuffer.o
 .comment       0x0000000000000050       0x51 ./src/hw/driver/button.o
 .comment       0x0000000000000050       0x51 ./src/hw/driver/led.o
 .comment       0x0000000000000050       0x51 ./src/hw/driver/uart.o
 .comment       0x0000000000000050       0x51 ./src/hw/hw.o
 .comment       0x0000000000000050       0x51 ./src/lib/cube_f051/Drivers/STM32F0xx_HAL_Driver/Src/stm32f0xx_hal.o
 .comment       0x0000000000000050       0x51 ./src/lib/cube_f051/Drivers/STM32F0xx_HAL_Driver/Src/stm32f0xx_hal_cortex.o
 .comment       0x0000000000000050       0x51 ./src/lib/cube_f051/Drivers/STM32F0xx_HAL_Driver/Src/stm32f0xx_hal_dma.o
 .comment       0x0000000000000050       0x51 ./src/lib/cube_f051/Drivers/STM32F0xx_HAL_Driver/Src/stm32f0xx_hal_gpio.o
 .comment       0x0000000000000050       0x51 ./src/lib/cube_f051/Drivers/STM32F0xx_HAL_Driver/Src/stm32f0xx_hal_rcc.o
 .comment       0x0000000000000050       0x51 ./src/lib/cube_f051/Drivers/STM32F0xx_HAL_Driver/Src/stm32f0xx_hal_rcc_ex.o
 .comment       0x0000000000000050       0x51 ./src/lib/cube_f051/Drivers/STM32F0xx_HAL_Driver/Src/stm32f0xx_hal_uart.o
 .comment       0x0000000000000050       0x51 ./src/lib/cube_f051/Drivers/STM32F0xx_HAL_Driver/Src/stm32f0xx_hal_uart_ex.o
 .comment       0x0000000000000050       0x51 ./src/main.o

.debug_frame    0x0000000000000000     0x1e2c
 .debug_frame   0x0000000000000000       0x6c ./src/ap/ap.o
 .debug_frame   0x000000000000006c       0xa8 ./src/bsp/bsp.o
 .debug_frame   0x0000000000000114       0x30 ./src/bsp/stm32f0xx_hal_msp.o
 .debug_frame   0x0000000000000144       0xd4 ./src/bsp/stm32f0xx_it.o
 .debug_frame   0x0000000000000218       0x30 ./src/bsp/sysmem.o
 .debug_frame   0x0000000000000248       0x4c ./src/bsp/system_stm32f0xx.o
 .debug_frame   0x0000000000000294       0xcc ./src/common/core/qbuffer.o
 .debug_frame   0x0000000000000360       0x54 ./src/hw/driver/button.o
 .debug_frame   0x00000000000003b4       0x90 ./src/hw/driver/led.o
 .debug_frame   0x0000000000000444      0x15c ./src/hw/driver/uart.o
 .debug_frame   0x00000000000005a0       0x2c ./src/hw/hw.o
 .debug_frame   0x00000000000005cc      0x2a4 ./src/lib/cube_f051/Drivers/STM32F0xx_HAL_Driver/Src/stm32f0xx_hal.o
 .debug_frame   0x0000000000000870      0x2a0 ./src/lib/cube_f051/Drivers/STM32F0xx_HAL_Driver/Src/stm32f0xx_hal_cortex.o
 .debug_frame   0x0000000000000b10      0x1d0 ./src/lib/cube_f051/Drivers/STM32F0xx_HAL_Driver/Src/stm32f0xx_hal_dma.o
 .debug_frame   0x0000000000000ce0      0x110 ./src/lib/cube_f051/Drivers/STM32F0xx_HAL_Driver/Src/stm32f0xx_hal_gpio.o
 .debug_frame   0x0000000000000df0      0x198 ./src/lib/cube_f051/Drivers/STM32F0xx_HAL_Driver/Src/stm32f0xx_hal_rcc.o
 .debug_frame   0x0000000000000f88       0x70 ./src/lib/cube_f051/Drivers/STM32F0xx_HAL_Driver/Src/stm32f0xx_hal_rcc_ex.o
 .debug_frame   0x0000000000000ff8      0x850 ./src/lib/cube_f051/Drivers/STM32F0xx_HAL_Driver/Src/stm32f0xx_hal_uart.o
 .debug_frame   0x0000000000001848      0x178 ./src/lib/cube_f051/Drivers/STM32F0xx_HAL_Driver/Src/stm32f0xx_hal_uart_ex.o
 .debug_frame   0x00000000000019c0       0x2c ./src/main.o
 .debug_frame   0x00000000000019ec       0x20 c:/st/stm32cubeide_1.12.1/stm32cubeide/plugins/com.st.stm32cube.ide.mcu.externaltools.gnu-tools-for-stm32.10.3-2021.10.win32_1.0.200.202301161003/tools/bin/../lib/gcc/arm-none-eabi/10.3.1/../../../../arm-none-eabi/lib/thumb/v6-m/nofp\libc_nano.a(lib_a-errno.o)
 .debug_frame   0x0000000000001a0c       0x2c c:/st/stm32cubeide_1.12.1/stm32cubeide/plugins/com.st.stm32cube.ide.mcu.externaltools.gnu-tools-for-stm32.10.3-2021.10.win32_1.0.200.202301161003/tools/bin/../lib/gcc/arm-none-eabi/10.3.1/../../../../arm-none-eabi/lib/thumb/v6-m/nofp\libc_nano.a(lib_a-init.o)
 .debug_frame   0x0000000000001a38       0x20 c:/st/stm32cubeide_1.12.1/stm32cubeide/plugins/com.st.stm32cube.ide.mcu.externaltools.gnu-tools-for-stm32.10.3-2021.10.win32_1.0.200.202301161003/tools/bin/../lib/gcc/arm-none-eabi/10.3.1/../../../../arm-none-eabi/lib/thumb/v6-m/nofp\libc_nano.a(lib_a-memset.o)
 .debug_frame   0x0000000000001a58       0x48 c:/st/stm32cubeide_1.12.1/stm32cubeide/plugins/com.st.stm32cube.ide.mcu.externaltools.gnu-tools-for-stm32.10.3-2021.10.win32_1.0.200.202301161003/tools/bin/../lib/gcc/arm-none-eabi/10.3.1/../../../../arm-none-eabi/lib/thumb/v6-m/nofp\libc_nano.a(lib_a-vsnprintf.o)
 .debug_frame   0x0000000000001aa0       0x74 c:/st/stm32cubeide_1.12.1/stm32cubeide/plugins/com.st.stm32cube.ide.mcu.externaltools.gnu-tools-for-stm32.10.3-2021.10.win32_1.0.200.202301161003/tools/bin/../lib/gcc/arm-none-eabi/10.3.1/../../../../arm-none-eabi/lib/thumb/v6-m/nofp\libc_nano.a(lib_a-nano-svfprintf.o)
 .debug_frame   0x0000000000001b14       0x54 c:/st/stm32cubeide_1.12.1/stm32cubeide/plugins/com.st.stm32cube.ide.mcu.externaltools.gnu-tools-for-stm32.10.3-2021.10.win32_1.0.200.202301161003/tools/bin/../lib/gcc/arm-none-eabi/10.3.1/../../../../arm-none-eabi/lib/thumb/v6-m/nofp\libc_nano.a(lib_a-nano-vfprintf_i.o)
 .debug_frame   0x0000000000001b68       0x20 c:/st/stm32cubeide_1.12.1/stm32cubeide/plugins/com.st.stm32cube.ide.mcu.externaltools.gnu-tools-for-stm32.10.3-2021.10.win32_1.0.200.202301161003/tools/bin/../lib/gcc/arm-none-eabi/10.3.1/../../../../arm-none-eabi/lib/thumb/v6-m/nofp\libc_nano.a(lib_a-memchr-stub.o)
 .debug_frame   0x0000000000001b88       0x28 c:/st/stm32cubeide_1.12.1/stm32cubeide/plugins/com.st.stm32cube.ide.mcu.externaltools.gnu-tools-for-stm32.10.3-2021.10.win32_1.0.200.202301161003/tools/bin/../lib/gcc/arm-none-eabi/10.3.1/../../../../arm-none-eabi/lib/thumb/v6-m/nofp\libc_nano.a(lib_a-memcpy-stub.o)
 .debug_frame   0x0000000000001bb0       0x28 c:/st/stm32cubeide_1.12.1/stm32cubeide/plugins/com.st.stm32cube.ide.mcu.externaltools.gnu-tools-for-stm32.10.3-2021.10.win32_1.0.200.202301161003/tools/bin/../lib/gcc/arm-none-eabi/10.3.1/../../../../arm-none-eabi/lib/thumb/v6-m/nofp\libc_nano.a(lib_a-memmove.o)
 .debug_frame   0x0000000000001bd8       0x2c c:/st/stm32cubeide_1.12.1/stm32cubeide/plugins/com.st.stm32cube.ide.mcu.externaltools.gnu-tools-for-stm32.10.3-2021.10.win32_1.0.200.202301161003/tools/bin/../lib/gcc/arm-none-eabi/10.3.1/../../../../arm-none-eabi/lib/thumb/v6-m/nofp\libc_nano.a(lib_a-nano-freer.o)
 .debug_frame   0x0000000000001c04       0x50 c:/st/stm32cubeide_1.12.1/stm32cubeide/plugins/com.st.stm32cube.ide.mcu.externaltools.gnu-tools-for-stm32.10.3-2021.10.win32_1.0.200.202301161003/tools/bin/../lib/gcc/arm-none-eabi/10.3.1/../../../../arm-none-eabi/lib/thumb/v6-m/nofp\libc_nano.a(lib_a-nano-mallocr.o)
 .debug_frame   0x0000000000001c54       0x34 c:/st/stm32cubeide_1.12.1/stm32cubeide/plugins/com.st.stm32cube.ide.mcu.externaltools.gnu-tools-for-stm32.10.3-2021.10.win32_1.0.200.202301161003/tools/bin/../lib/gcc/arm-none-eabi/10.3.1/../../../../arm-none-eabi/lib/thumb/v6-m/nofp\libc_nano.a(lib_a-nano-reallocr.o)
 .debug_frame   0x0000000000001c88       0x2c c:/st/stm32cubeide_1.12.1/stm32cubeide/plugins/com.st.stm32cube.ide.mcu.externaltools.gnu-tools-for-stm32.10.3-2021.10.win32_1.0.200.202301161003/tools/bin/../lib/gcc/arm-none-eabi/10.3.1/../../../../arm-none-eabi/lib/thumb/v6-m/nofp\libc_nano.a(lib_a-sbrkr.o)
 .debug_frame   0x0000000000001cb4       0x40 c:/st/stm32cubeide_1.12.1/stm32cubeide/plugins/com.st.stm32cube.ide.mcu.externaltools.gnu-tools-for-stm32.10.3-2021.10.win32_1.0.200.202301161003/tools/bin/../lib/gcc/arm-none-eabi/10.3.1/../../../../arm-none-eabi/lib/thumb/v6-m/nofp\libc_nano.a(lib_a-mlock.o)
 .debug_frame   0x0000000000001cf4       0x20 c:/st/stm32cubeide_1.12.1/stm32cubeide/plugins/com.st.stm32cube.ide.mcu.externaltools.gnu-tools-for-stm32.10.3-2021.10.win32_1.0.200.202301161003/tools/bin/../lib/gcc/arm-none-eabi/10.3.1/../../../../arm-none-eabi/lib/thumb/v6-m/nofp\libc_nano.a(lib_a-nano-msizer.o)
 .debug_frame   0x0000000000001d14       0x48 c:/st/stm32cubeide_1.12.1/stm32cubeide/plugins/com.st.stm32cube.ide.mcu.externaltools.gnu-tools-for-stm32.10.3-2021.10.win32_1.0.200.202301161003/tools/bin/../lib/gcc/arm-none-eabi/10.3.1/../../../../arm-none-eabi/lib/thumb/v6-m/nofp\libc_nano.a(lib_a-reent.o)
 .debug_frame   0x0000000000001d5c       0xb0 c:/st/stm32cubeide_1.12.1/stm32cubeide/plugins/com.st.stm32cube.ide.mcu.externaltools.gnu-tools-for-stm32.10.3-2021.10.win32_1.0.200.202301161003/tools/bin/../lib/gcc/arm-none-eabi/10.3.1/../../../../arm-none-eabi/lib/thumb/v6-m/nofp\libc_nano.a(lib_a-lock.o)
 .debug_frame   0x0000000000001e0c       0x20 c:/st/stm32cubeide_1.12.1/stm32cubeide/plugins/com.st.stm32cube.ide.mcu.externaltools.gnu-tools-for-stm32.10.3-2021.10.win32_1.0.200.202301161003/tools/bin/../lib/gcc/arm-none-eabi/10.3.1/thumb/v6-m/nofp\libgcc.a(_udivsi3.o)
